<html>
<body>
<pre>
<h1>礦ision Build Log</h1>
<h2>Tool Versions:</h2>
IDE-Version: μVision V5.40.0.0
Copyright (C) 2024 ARM Ltd and ARM Germany GmbH. All rights reserved.
License Information: xx luoyu.gan, xx, LIC=IC93N-YSK2E-F1TPT-RKF1L-0DQA6-XEKQS
 
Tool Versions:
Toolchain:       MDK-ARM Professional  Version: 5.40.0.3
Toolchain Path:  E:\app\keil\ARM\ARMCLANG\Bin
C Compiler:      ArmClang.exe V6.22
Assembler:       Armasm.exe V6.22
Linker/Locator:  ArmLink.exe V6.22
Library Manager: ArmAr.exe V6.22
Hex Converter:   FromElf.exe V6.22
CPU DLL:         SARMCM3.DLL V5.40.0.3
Dialog DLL:      DCM.DLL V1.17.5.0
Target DLL:      UL2CM3.DLL V1.164.11.0
Dialog DLL:      TCM.DLL V1.56.4.0
 
<h2>Project:</h2>
E:\ACTIONS\ATB1119G_SDK_nordic\Code\cgm_sdk20260303_new1\cgm_sdk20260303\samples\ble_peripheral\keil\mdk_clang.uvprojx
Project File Date:  03/17/2026

<h2>Output:</h2>
*** Using Compiler 'V6.22', folder: 'E:\app\keil\ARM\ARMCLANG\Bin'
Rebuild target 'zephyr'
Note: source file '..\..\..\kernel\fatal.c' - object file renamed from '.\build\fatal.o' to '.\build\fatal_1.o'.
Note: source file '..\..\..\kernel\thread.c' - object file renamed from '.\build\thread.o' to '.\build\thread_1.o'.
Note: source file '..\..\..\kernel\thread_abort.c' - object file renamed from '.\build\thread_abort.o' to '.\build\thread_abort_1.o'.
Note: source file '..\..\..\lib\os\sem.c' - object file renamed from '.\build\sem.o' to '.\build\sem_1.o'.
Note: source file '..\..\..\lib\os\work_q.c' - object file renamed from '.\build\work_q.o' to '.\build\work_q_1.o'.
Note: source file '..\..\..\subsys\power\device.c' - object file renamed from '.\build\device.o' to '.\build\device_1.o'.
Note: source file '..\..\..\lib\libc\minimal\source\string\string.S' - object file renamed from '.\build\string.o' to '.\build\string_1.o'.
Note: source file '..\..\..\lib\libc\minimal\source\string\string.S' - object file renamed from '.\build\string.o' to '.\build\string_1.o'.
Note: source file '..\..\..\subsys\bluetooth\host\settings.c' - object file renamed from '.\build\settings.o' to '.\build\settings_1.o'.
Note: source file '..\..\..\subsys\bluetooth\host\smp.c' - object file renamed from '.\build\smp.o' to '.\build\smp_1.o'.
Note: source file '..\..\..\subsys\net\buf.c' - object file renamed from '.\build\buf.o' to '.\build\buf_1.o'.
compiling main.c...
compiling isr_tables.c...
compiling offsets.c...
compiling sys_wakelock.c...
compiling ble_data_test_sample.c...
compiling msg_manager.c...
compiling sys_monitor.c...
compiling bt_le_op.c...
compiling system_app_wdg.c...
compiling sys_standby.c...
compiling sw_isr_common.c...
compiling ble_super_service.c...
compiling swap.c...
compiling thread.c...
compiling fatal.c...
compiling irq_manage.c...
compiling nmi.c...
compiling prep_c.c...
armclang: warning: '--target=armv7em-arm-none-eabi' is not supported. Supported values for this option are 'arm-arm-none-eabi' or 'aarch64-arm-none-eabi' [-Wunsupported-option]
assembling cpu_idle.S...
armclang: warning: '--target=armv7em-arm-none-eabi' is not supported. Supported values for this option are 'arm-arm-none-eabi' or 'aarch64-arm-none-eabi' [-Wunsupported-option]
assembling swap_helper.S...
armclang: warning: '--target=armv7em-arm-none-eabi' is not supported. Supported values for this option are 'arm-arm-none-eabi' or 'aarch64-arm-none-eabi' [-Wunsupported-option]
assembling nmi_on_reset.S...
armclang: warning: '--target=armv7em-arm-none-eabi' is not supported. Supported values for this option are 'arm-arm-none-eabi' or 'aarch64-arm-none-eabi' [-Wunsupported-option]
assembling isr_wrapper.S...
compiling unwind.c...
armclang: warning: '--target=armv7em-arm-none-eabi' is not supported. Supported values for this option are 'arm-arm-none-eabi' or 'aarch64-arm-none-eabi' [-Wunsupported-option]
assembling vector_table.S...
compiling scb.c...
compiling fault.c...
armclang: warning: '--target=armv7em-arm-none-eabi' is not supported. Supported values for this option are 'arm-arm-none-eabi' or 'aarch64-arm-none-eabi' [-Wunsupported-option]
assembling fault_s.S...
armclang: warning: '--target=armv7em-arm-none-eabi' is not supported. Supported values for this option are 'arm-arm-none-eabi' or 'aarch64-arm-none-eabi' [-Wunsupported-option]
assembling reset.S...
compiling irq_init.c...
compiling thread_abort.c...
armclang: warning: '--target=armv7em-arm-none-eabi' is not supported. Supported values for this option are 'arm-arm-none-eabi' or 'aarch64-arm-none-eabi' [-Wunsupported-option]
assembling exc_exit.S...
compiling arm_mpu.c...
compiling soc.c...
../../../soc/arm/actions/tai/soc_pm.c(83): warning: variable 'key' set but not used [-Wunused-but-set-variable]
   83 |         unsigned int key;
      |                      ^
../../../soc/arm/actions/tai/soc_pm.c(116): warning: variable 'key' set but not used [-Wunused-but-set-variable]
  116 |         unsigned int key;
      |                      ^
2 warnings generated.
compiling soc_pm.c...
compiling soc_reset.c...
compiling soc_pinmux.c...
compiling soc_boot.c...
compiling spicache.c...
compiling soc_memctrl.c...
compiling soc_se_trng.c...
armclang: warning: '--target=armv7em-arm-none-eabi' is not supported. Supported values for this option are 'arm-arm-none-eabi' or 'aarch64-arm-none-eabi' [-Wunsupported-option]
armclang: warning: argument unused during compilation: '-imacros ./linker_conf.h' [-Wunused-command-line-argument]
armclang: warning: argument unused during compilation: '-imacros ../src/include/autoconf.h' [-Wunused-command-line-argument]
assembling ksdfs.s...
compiling board.c...
../../../soc/arm/actions/tai/soc_clock.c(139): warning: variable 'real_rate' set but not used [-Wunused-but-set-variable]
  139 |         unsigned int val, real_rate, div, div_temp;
      |                           ^
../../../soc/arm/actions/tai/soc_clock.c(174): warning: variable 'real_rate' set but not used [-Wunused-but-set-variable]
  174 |         unsigned int val, real_rate, div, div_temp;
      |                           ^
../../../soc/arm/actions/tai/soc_clock.c(209): warning: variable 'ret' set but not used [-Wunused-but-set-variable]
  209 |         int ret = 0;
      |             ^
3 warnings generated.
compiling soc_clock.c...
compiling soc_sleep_cfg.c...
compiling errno.c...
compiling device.c...
compiling idle.c...
compiling fatal.c...
compiling kheap.c...
compiling init.c...
compiling mem_slab.c...
compiling mutex.c...
compiling queue.c...
compiling sem.c...
compiling version.c...
compiling stack.c...
compiling system_work_q.c...
compiling work_q.c...
compiling thread_abort.c...
compiling condvar.c...
compiling smp.c...
compiling sched.c...
compiling thread.c...
compiling banner.c...
compiling xip.c...
compiling timer.c...
compiling mempool.c...
compiling sys_clock_init.c...
compiling timeout.c...
compiling poll.c...
compiling acts_timer.c...
compiling flash_page_layout.c...
compiling gpio_acts.c...
compiling uart_acts.c...
compiling spi_flash_acts.c...
compiling vdma_acts.c...
compiling nvram_storage.c...
compiling cbprintf.c...
compiling hci_acts.c...
compiling crc32_sw.c...
compiling crc16_sw.c...
compiling crc8_sw.c...
compiling crc7_sw.c...
compiling ipmsg_btc.c...
compiling bt_drv.c...
compiling dec.c...
compiling hex.c...
compiling fdtable.c...
compiling nvram_config.c...
compiling notify.c...
compiling printk.c...
compiling sem.c...
compiling timeutil.c...
compiling thread_entry.c...
compiling onoff.c...
compiling work_q.c...
compiling rb.c...
compiling addr_utils.c...
compiling log_minimal.c...
compiling settings_store.c...
compiling heap.c...
compiling heap-validate.c...
compiling settings_init.c...
../../../subsys/settings/src/settings_nvram.c(37): warning: variable 'argp' set but not used [-Wunused-but-set-variable]
   37 |         struct settings_load_arg *argp;
      |                                   ^
1 warning generated.
compiling settings_nvram.c...
../../../lib/os/cbprintf_complete.c(1311): warning: passing arguments to a function without a prototype is deprecated in all versions of C and is not supported in C23 [-Wdeprecated-non-prototype]
 1311 |                 int rc = out((int)*sp++, ctx);
      |                             ^
../../../lib/os/cbprintf_complete.c(1357): warning: passing arguments to a function without a prototype is deprecated in all versions of C and is not supported in C23 [-Wdeprecated-non-prototype]
 1357 |                         OUTC(*fp++);
      |                         ^
../../../lib/os/cbprintf_complete.c(1334): note: expanded from macro 'OUTC'
 1334 |         int rc = (*out)((int)(c), ctx); \
      |                        ^
../../../lib/os/cbprintf_complete.c(1552): warning: passing arguments to a function without a prototype is deprecated in all versions of C and is not supported in C23 [-Wdeprecated-non-prototype]
 1552 |                         OUTC('%');
      |                         ^
../../../lib/os/cbprintf_complete.c(1334): note: expanded from macro 'OUTC'
 1334 |         int rc = (*out)((int)(c), ctx); \
      |                        ^
../../../lib/os/cbprintf_complete.c(1720): warning: passing arguments to a function without a prototype is deprecated in all versions of C and is not supported in C23 [-Wdeprecated-non-prototype]
 1720 |                                                 OUTC(sign);
      |                                                 ^
../../../lib/os/cbprintf_complete.c(1334): note: expanded from macro 'OUTC'
 1334 |         int rc = (*out)((int)(c), ctx); \
      |                        ^
../../../lib/os/cbprintf_complete.c(1727): warning: passing arguments to a function without a prototype is deprecated in all versions of C and is not supported in C23 [-Wdeprecated-non-prototype]
 1727 |                                         OUTC(pad);
      |                                         ^
../../../lib/os/cbprintf_complete.c(1334): note: expanded from macro 'OUTC'
 1334 |         int rc = (*out)((int)(c), ctx); \
      |                        ^
../../../lib/os/cbprintf_complete.c(1736): warning: passing arguments to a function without a prototype is deprecated in all versions of C and is not supported in C23 [-Wdeprecated-non-prototype]
 1736 |                         OUTC(sign);
      |                         ^
../../../lib/os/cbprintf_complete.c(1334): note: expanded from macro 'OUTC'
 1334 |         int rc = (*out)((int)(c), ctx); \
      |                        ^
../../../lib/os/cbprintf_complete.c(1745): warning: passing arguments to a function without a prototype is deprecated in all versions of C and is not supported in C23 [-Wdeprecated-non-prototype]
 1745 |                                         OUTC(*cp++);
      |                                         ^
../../../lib/os/cbprintf_complete.c(1334): note: expanded from macro 'OUTC'
 1334 |         int rc = (*out)((int)(c), ctx); \
      |                        ^
../../../lib/os/cbprintf_complete.c(1749): warning: passing arguments to a function without a prototype is deprecated in all versions of C and is not supported in C23 [-Wdeprecated-non-prototype]
 1749 |                                         OUTC(*cp++);
      |                                         ^
../../../lib/os/cbprintf_complete.c(1334): note: expanded from macro 'OUTC'
 1334 |         int rc = (*out)((int)(c), ctx); \
      |                        ^
../../../lib/os/cbprintf_complete.c(1755): warning: passing arguments to a function without a prototype is deprecated in all versions of C and is not supported in C23 [-Wdeprecated-non-prototype]
 1755 |                                                 OUTC('0');
      |                                                 ^
../../../lib/os/cbprintf_complete.c(1334): note: expanded from macro 'OUTC'
 1334 |         int rc = (*out)((int)(c), ctx); \
      |                        ^
../../../lib/os/cbprintf_complete.c(1760): warning: passing arguments to a function without a prototype is deprecated in all versions of C and is not supported in C23 [-Wdeprecated-non-prototype]
 1760 |                                         OUTC(*cp++);
      |                                         ^
../../../lib/os/cbprintf_complete.c(1334): note: expanded from macro 'OUTC'
 1334 |         int rc = (*out)((int)(c), ctx); \
      |                        ^
../../../lib/os/cbprintf_complete.c(1765): warning: passing arguments to a function without a prototype is deprecated in all versions of C and is not supported in C23 [-Wdeprecated-non-prototype]
 1765 |                                                 OUTC('0');
      |                                                 ^
../../../lib/os/cbprintf_complete.c(1334): note: expanded from macro 'OUTC'
 1334 |         int rc = (*out)((int)(c), ctx); \
      |                        ^
../../../lib/os/cbprintf_complete.c(1769): warning: passing arguments to a function without a prototype is deprecated in all versions of C and is not supported in C23 [-Wdeprecated-non-prototype]
 1769 |                                         OUTC(*cp++);
      |                                         ^
../../../lib/os/cbprintf_complete.c(1334): note: expanded from macro 'OUTC'
 1334 |         int rc = (*out)((int)(c), ctx); \
      |                        ^
../../../lib/os/cbprintf_complete.c(1775): warning: passing arguments to a function without a prototype is deprecated in all versions of C and is not supported in C23 [-Wdeprecated-non-prototype]
 1775 |                                 OUTC('0');
      |                                 ^
../../../lib/os/cbprintf_complete.c(1334): note: expanded from macro 'OUTC'
 1334 |         int rc = (*out)((int)(c), ctx); \
      |                        ^
../../../lib/os/cbprintf_complete.c(1781): warning: passing arguments to a function without a prototype is deprecated in all versions of C and is not supported in C23 [-Wdeprecated-non-prototype]
 1781 |                                 OUTC('0');
      |                                 ^
../../../lib/os/cbprintf_complete.c(1334): note: expanded from macro 'OUTC'
 1334 |         int rc = (*out)((int)(c), ctx); \
      |                        ^
../../../lib/os/cbprintf_complete.c(1785): warning: passing arguments to a function without a prototype is deprecated in all versions of C and is not supported in C23 [-Wdeprecated-non-prototype]
 1785 |                                 OUTC(conv->specifier);
      |                                 ^
../../../lib/os/cbprintf_complete.c(1334): note: expanded from macro 'OUTC'
 1334 |         int rc = (*out)((int)(c), ctx); \
      |                        ^
../../../lib/os/cbprintf_complete.c(1790): warning: passing arguments to a function without a prototype is deprecated in all versions of C and is not supported in C23 [-Wdeprecated-non-prototype]
 1790 |                                 OUTC('0');
      |                                 ^
../../../lib/os/cbprintf_complete.c(1334): note: expanded from macro 'OUTC'
 1334 |         int rc = (*out)((int)(c), ctx); \
      |                        ^
../../../lib/os/cbprintf_complete.c(1798): warning: passing arguments to a function without a prototype is deprecated in all versions of C and is not supported in C23 [-Wdeprecated-non-prototype]
 1798 |                         OUTC(' ');
      |                         ^
../../../lib/os/cbprintf_complete.c(1334): note: expanded from macro 'OUTC'
 1334 |         int rc = (*out)((int)(c), ctx); \
      |                        ^
17 warnings generated.
compiling cbprintf_complete.c...
compiling show_thread.c...
compiling settings.c...
compiling sdfs.c...
compiling partition.c...
compiling fw_version.c...
compiling utils.c...
compiling uart_console.c...
compiling aes_decrypt.c...
compiling aes_encrypt.c...
compiling cmac_mode.c...
compiling atoi.c...
compiling hmac.c...
compiling sha256.c...
compiling strtol.c...
compiling hmac_prng.c...
compiling strtoul.c...
compiling abort.c...
compiling arm_mpu_regions.c...
compiling malloc.c...
compiling power.c...
compiling device.c...
compiling bsearch.c...
compiling strstr.c...
compiling strncasecmp.c...
compiling strspn.c...
compiling stdout_console.c...
compiling fprintf.c...
compiling exit.c...
compiling sprintf.c...
compiling gmtime.c...
compiling string.c...
compiling nanosleep.c...
compiling crc.c...
compiling pthread_common.c...
compiling rbuf_init.c...
compiling dummy.c...
compiling rbuf_core.c...
compiling rbuf_pool.c...
armclang: warning: '--target=armv7em-arm-none-eabi' is not supported. Supported values for this option are 'arm-arm-none-eabi' or 'aarch64-arm-none-eabi' [-Wunsupported-option]
assembling string.S...
compiling log.c...
compiling rpa.c...
compiling uuid.c...
compiling addr.c...
compiling settings.c...
compiling hci_common.c...
compiling buf.c...
compiling crypto.c...
compiling l2cap.c...
compiling keys.c...
compiling conn.c...
compiling buf.c...
compiling att.c...
compiling smp.c...
../../../subsys/bluetooth/host/gatt.c(4085): warning: variable 'prev' set but not used [-Wunused-but-set-variable]
 4085 |                 sys_snode_t *node, *tmp, *prev = NULL;
      |                                           ^
1 warning generated.
compiling gatt.c...
compiling hci_core.c...
linking...
Program Size: Code=95720 RO-data=15724 RW-data=8352 ZI-data=5632  
FromELF: creating hex file...
After Build - User command #1: UserCommand.bat ".\build\zephyr.axf" "E:\app\keil\\ARM"
After Build - User command #2: PackCommand.bat
已复制         1 个文件。
系统找不到指定的文件。
系统找不到指定的文件。
build
--== Build application ble_peripheral (sub ) (app_conf )  board tai_evb ==--
 application cfg dir ., 
 sdk_build=E:\ACTIONS\ATB1119G_SDK_nordic\Code\cgm_sdk20260303_new1\cgm_sdk20260303\samples\ble_peripheral\outdir\tai_evb 
 build_firmware : out E:\ACTIONS\ATB1119G_SDK_nordic\Code\cgm_sdk20260303_new1\cgm_sdk20260303\samples\ble_peripheral\outdir\tai_evb, board E:\ACTIONS\ATB1119G_SDK_nordic\Code\cgm_sdk20260303_new1\cgm_sdk20260303\boards\arm\tai_evb, app_dir E:\ACTIONS\ATB1119G_SDK_nordic\Code\cgm_sdk20260303_new1\cgm_sdk20260303\samples\ble_peripheral\.
 build_nvram 
 build_nvram  finshed
 build_sdfs :  sdfs not exists
 build_sdfs :  fatfs not exists
not fs_sdfs
 build_firmware : soc name= tai
 cp dir E:\ACTIONS\ATB1119G_SDK_nordic\Code\cgm_sdk20260303_new1\cgm_sdk20260303\tools\prebuilt\tai\common\bin  to dir E:\ACTIONS\ATB1119G_SDK_nordic\Code\cgm_sdk20260303_new1\cgm_sdk20260303\samples\ble_peripheral\outdir\tai_evb\_firmware\bin 
 cp dir E:\ACTIONS\ATB1119G_SDK_nordic\Code\cgm_sdk20260303_new1\cgm_sdk20260303\tools\prebuilt\tai\bin  to dir E:\ACTIONS\ATB1119G_SDK_nordic\Code\cgm_sdk20260303_new1\cgm_sdk20260303\samples\ble_peripheral\outdir\tai_evb\_firmware\bin 
 cp dir E:\ACTIONS\ATB1119G_SDK_nordic\Code\cgm_sdk20260303_new1\cgm_sdk20260303\tools\prebuilt\tai\att  to dir E:\ACTIONS\ATB1119G_SDK_nordic\Code\cgm_sdk20260303_new1\cgm_sdk20260303\samples\ble_peripheral\outdir\tai_evb\_firmware\bin 
FW: Override the default firmware.xml
FW: Post build mbrec.bin
 build cmd : ['python', '-B', 'E:\\ACTIONS\\ATB1119G_SDK_nordic\\Code\\cgm_sdk20260303_new1\\cgm_sdk20260303\\tools\\build_boot_image.py', 'E:\\ACTIONS\\ATB1119G_SDK_nordic\\Code\\cgm_sdk20260303_new1\\cgm_sdk20260303\\samples\\ble_peripheral\\outdir\\tai_evb\\_firmware\\bin\\mbrec.bin', 'E:\\ACTIONS\\ATB1119G_SDK_nordic\\Code\\cgm_sdk20260303_new1\\cgm_sdk20260303\\samples\\ble_peripheral\\outdir\\tai_evb\\_firmware\\bin\\bootloader.ini']
 build_ksdfs : ksdfs_dir E:\ACTIONS\ATB1119G_SDK_nordic\Code\cgm_sdk20260303_new1\cgm_sdk20260303\samples\ble_peripheral\outdir\tai_evb\_firmware\bin\ksdfs, board dfs E:\ACTIONS\ATB1119G_SDK_nordic\Code\cgm_sdk20260303_new1\cgm_sdk20260303\boards\arm\tai_evb\ksdfs
 build_ksdfs : board dfs E:\ACTIONS\ATB1119G_SDK_nordic\Code\cgm_sdk20260303_new1\cgm_sdk20260303\boards\arm\tai_evb\ksdfs not exists
--board tai_evb ==--
 build cmd : ['python', '-B', 'E:\\ACTIONS\\ATB1119G_SDK_nordic\\Code\\cgm_sdk20260303_new1\\cgm_sdk20260303\\tools\\build_firmware.py', '-c', 'E:\\ACTIONS\\ATB1119G_SDK_nordic\\Code\\cgm_sdk20260303_new1\\cgm_sdk20260303\\samples\\ble_peripheral\\outdir\\tai_evb\\_firmware\\firmware.xml', '-e', 'E:\\ACTIONS\\ATB1119G_SDK_nordic\\Code\\cgm_sdk20260303_new1\\cgm_sdk20260303\\samples\\ble_peripheral\\outdir\\tai_evb\\_firmware\\bin\\encrypt.bin', '-ef', 'E:\\ACTIONS\\ATB1119G_SDK_nordic\\Code\\cgm_sdk20260303_new1\\cgm_sdk20260303\\samples\\ble_peripheral\\outdir\\tai_evb\\_firmware\\bin\\efuse.bin', '-s', 'tai', '-b', 'tai_evb']
build finished
".\build\zephyr.axf" - 0 Error(s), 36 Warning(s).

<h2>Software Packages used:</h2>

Package Vendor: ARM
                https://www.keil.com/pack/ARM.Cortex_DFP.1.1.0.pack
                ARM::Cortex_DFP@1.1.0
                ARM Cortex Reference Subsystems Device Family Pack

<h2>Collection of Component include folders:</h2>
  E:/app/keil/ARM/Cortex_DFP/1.1.0/Device/ARMCM4/Include

<h2>Collection of Component Files used:</h2>
Build Time Elapsed:  00:00:09
</pre>
</body>
</html>
