<!doctype html public "-//w3c//dtd html 4.0 transitional//en">
<html><head>
<title>Static Call Graph - [.\build\zephyr.axf]</title></head>
<body><HR>
<H1>Static Call Graph for image .\build\zephyr.axf</H1><HR>
<BR><P>#&#060CALLGRAPH&#062# ARM Linker, 6220000: Last Updated: Wed Mar 18 14:18:54 2026
<BR><P>
<H3>Maximum Stack Usage =       1064 bytes + Unknown(Functions without stacksize, Cycles, Untraceable Function Pointers)</H3><H3>
Call chain for Maximum Stack Depth:</H3>
disconnected &rArr; start_adv &rArr; act_bt_le_adv_start &rArr; bt_le_adv_start &rArr; bt_le_adv_start_legacy &rArr; bt_conn_unref &rArr; bt_le_adv_resume &rArr;  bt_conn_unref (Cycle)
<P>
<H3>
Functions with no stack information
</H3><UL>
 <LI><a href="#[115]">__cpu_resume</a>
 <LI><a href="#[137]">__cpu_suspend</a>
 <LI><a href="#[4b8]">z_arm_exc_exit</a>
 <LI><a href="#[b]">z_arm_int_exit</a>
 <LI><a href="#[4]">z_arm_bus_fault</a>
 <LI><a href="#[7]">z_arm_debug_monitor</a>
 <LI><a href="#[4b9]">z_arm_exc_spurious</a>
 <LI><a href="#[2]">z_arm_hard_fault</a>
 <LI><a href="#[3]">z_arm_mpu_fault</a>
 <LI><a href="#[5]">z_arm_usage_fault</a>
 <LI><a href="#[a]">_isr_wrapper</a>
 <LI><a href="#[3f6]">memcpy32</a>
 <LI><a href="#[3f7]">memset32</a>
 <LI><a href="#[133]">__start</a>
 <LI><a href="#[0]">z_arm_reset</a>
 <LI><a href="#[3a5]">arch_cpu_idle</a>
 <LI><a href="#[377]">efuse_read_all_blocks</a>
 <LI><a href="#[388]">get_efuse_hosc_trim</a>
 <LI><a href="#[389]">get_efuse_vddret_cal07</a>
 <LI><a href="#[466]">pm_policy_get_force_suspend_state</a>
 <LI><a href="#[421]">pm_policy_low_power_devices</a>
 <LI><a href="#[41a]">pm_policy_next_state</a>
 <LI><a href="#[420]">pm_power_state_exit_post_ops</a>
 <LI><a href="#[41b]">pm_power_state_set</a>
 <LI><a href="#[204]">sys_pm_enter_deep_sleep</a>
 <LI><a href="#[202]">sys_pm_enter_light_sleep</a>
 <LI><a href="#[49c]">z_SysNmiOnReset</a>
 <LI><a href="#[46e]">z_arm_cpu_idle_init</a>
 <LI><a href="#[8]">z_arm_pendsv</a>
 <LI><a href="#[6]">z_arm_svc</a>
 <LI><a href="#[379]">[Anonymous Symbol]</a>
 <LI><a href="#[378]">[Anonymous Symbol]</a>
</UL>
</UL>
<P>
<H3>
Mutually Recursive functions
</H3> <LI><a href="#[3e1]">k_work_submit_to_queue</a>&nbsp;&nbsp;&nbsp;&rArr;&nbsp;&nbsp;&nbsp;<a href="#[291]">k_queue_append</a><BR>
 <LI><a href="#[2b2]">bt_le_adv_resume</a>&nbsp;&nbsp;&nbsp;&rArr;&nbsp;&nbsp;&nbsp;<a href="#[186]">bt_conn_unref</a><BR>
 <LI><a href="#[28d]">bt_conn_exists_le</a>&nbsp;&nbsp;&nbsp;&rArr;&nbsp;&nbsp;&nbsp;<a href="#[186]">bt_conn_unref</a><BR>
 <LI><a href="#[28e]">bt_conn_lookup_addr_le</a>&nbsp;&nbsp;&nbsp;&rArr;&nbsp;&nbsp;&nbsp;<a href="#[186]">bt_conn_unref</a><BR>
 <LI><a href="#[1cb]">bt_conn_set_state</a>&nbsp;&nbsp;&nbsp;&rArr;&nbsp;&nbsp;&nbsp;<a href="#[186]">bt_conn_unref</a><BR>
 <LI><a href="#[2f0]">bt_id_del</a>&nbsp;&nbsp;&nbsp;&rArr;&nbsp;&nbsp;&nbsp;<a href="#[186]">bt_conn_unref</a><BR>
 <LI><a href="#[1a9]">bt_conn_lookup_state_le</a>&nbsp;&nbsp;&nbsp;&rArr;&nbsp;&nbsp;&nbsp;<a href="#[186]">bt_conn_unref</a><BR>
 <LI><a href="#[479]">sys_pm_backup_registers</a>&nbsp;&nbsp;&nbsp;&rArr;&nbsp;&nbsp;&nbsp;<a href="#[479]">sys_pm_backup_registers</a><BR>
 <LI><a href="#[417]">strcmp</a>&nbsp;&nbsp;&nbsp;&rArr;&nbsp;&nbsp;&nbsp;<a href="#[417]">strcmp</a><BR>
 <LI><a href="#[49c]">z_SysNmiOnReset</a>&nbsp;&nbsp;&nbsp;&rArr;&nbsp;&nbsp;&nbsp;<a href="#[49c]">z_SysNmiOnReset</a><BR>
 <LI><a href="#[23d]">net_buf_frag_last</a>&nbsp;&nbsp;&nbsp;&rArr;&nbsp;&nbsp;&nbsp;<a href="#[23d]">net_buf_frag_last</a><BR>
</UL>
<P>
<H3>
Function Pointers
</H3><UL>
 <LI><a href="#[115]">__cpu_resume</a> from soc_sleep_1.o(.ramfunc.__cpu_resume) referenced from soc_sleep.o(.ramfunc)
 <LI><a href="#[4b]">_double_byte</a> from utils.o(.text._double_byte) referenced from aes_encrypt.o(.text.mult_row_column)
 <LI><a href="#[a]">_isr_wrapper</a> from isr_wrapper.o(.text._isr_wrapper) referenced 32 times from isr_tables.o(.gnu.linkonce.irq_vector_table)
 <LI><a href="#[11b]">_stdout_hook_default</a> from stdout_console.o(.text._stdout_hook_default) referenced from stdout_console.o(.data._stdout_hook)
 <LI><a href="#[59]">_sys_monitor_timer_work</a> from sys_monitor.o(.text._sys_monitor_timer_work) referenced from sys_monitor.o(.text.sys_monitor_init)
 <LI><a href="#[12b]">_sys_standby_enter_sleep</a> from sys_standby.o(.text._sys_standby_enter_sleep) referenced from sys_standby.o(.data.notifier)
 <LI><a href="#[12c]">_sys_standby_exit_sleep</a> from sys_standby.o(.text._sys_standby_exit_sleep) referenced from sys_standby.o(.data.notifier)
 <LI><a href="#[9f]">acts_hci_open</a> from hci_acts.o(.text.acts_hci_open) referenced from hci_acts.o(.rodata.drv)
 <LI><a href="#[a0]">acts_hci_send</a> from hci_acts.o(.text.acts_hci_send) referenced from hci_acts.o(.rodata.drv)
 <LI><a href="#[65]">acts_timer_isr</a> from acts_timer.o(.text.acts_timer_isr) referenced from acts_timer.o(.text.z_clock_driver_init)
 <LI><a href="#[57]">adv_timeout_handler</a> from bt_le_op.o(.text.adv_timeout_handler) referenced from bt_le_op.o(.text.start_adv)
 <LI><a href="#[58]">analyse_thread_stk_used</a> from soc_sleep.o(.text.analyse_thread_stk_used) referenced from soc_sleep.o(.text.store_non_ret_buf)
 <LI><a href="#[62]">arch_irq_enable</a> from irq_manage.o(.text.arch_irq_enable) referenced from vdma_acts.o(.text.vdma_acts_init)
 <LI><a href="#[11a]">arch_printk_char_out</a> from board.o(.text.arch_printk_char_out) referenced from printk.o(.data._char_out)
 <LI><a href="#[78]">arm_mpu_init</a> from arm_mpu.o(.text.arm_mpu_init) referenced from arm_mpu.o(.init_POST_KERNEL40)
 <LI><a href="#[39]">att_cfm_sent</a> from att.o(.text.att_cfm_sent) referenced from att.o(.text.chan_send)
 <LI><a href="#[b4]">att_confirm</a> from att.o(.text.att_confirm) referenced from att.o(.rodata.handlers)
 <LI><a href="#[b6]">att_error_rsp</a> from att.o(.text.att_error_rsp) referenced from att.o(.rodata.handlers)
 <LI><a href="#[b3]">att_exec_write_req</a> from att.o(.text.att_exec_write_req) referenced from att.o(.rodata.handlers)
 <LI><a href="#[aa]">att_find_info_req</a> from att.o(.text.att_find_info_req) referenced from att.o(.rodata.handlers)
 <LI><a href="#[ab]">att_find_type_req</a> from att.o(.text.att_find_type_req) referenced from att.o(.rodata.handlers)
 <LI><a href="#[c1]">att_handle_exec_write_rsp</a> from att.o(.text.att_handle_exec_write_rsp) referenced from att.o(.rodata.handlers)
 <LI><a href="#[b8]">att_handle_find_info_rsp</a> from att.o(.text.att_handle_find_info_rsp) referenced from att.o(.rodata.handlers)
 <LI><a href="#[b9]">att_handle_find_type_rsp</a> from att.o(.text.att_handle_find_type_rsp) referenced from att.o(.rodata.handlers)
 <LI><a href="#[c0]">att_handle_prepare_write_rsp</a> from att.o(.text.att_handle_prepare_write_rsp) referenced from att.o(.rodata.handlers)
 <LI><a href="#[bc]">att_handle_read_blob_rsp</a> from att.o(.text.att_handle_read_blob_rsp) referenced from att.o(.rodata.handlers)
 <LI><a href="#[be]">att_handle_read_group_rsp</a> from att.o(.text.att_handle_read_group_rsp) referenced from att.o(.rodata.handlers)
 <LI><a href="#[bd]">att_handle_read_mult_rsp</a> from att.o(.text.att_handle_read_mult_rsp) referenced from att.o(.rodata.handlers)
 <LI><a href="#[bb]">att_handle_read_rsp</a> from att.o(.text.att_handle_read_rsp) referenced from att.o(.rodata.handlers)
 <LI><a href="#[ba]">att_handle_read_type_rsp</a> from att.o(.text.att_handle_read_type_rsp) referenced from att.o(.rodata.handlers)
 <LI><a href="#[bf]">att_handle_write_rsp</a> from att.o(.text.att_handle_write_rsp) referenced from att.o(.rodata.handlers)
 <LI><a href="#[c3]">att_indicate</a> from att.o(.text.att_indicate) referenced from att.o(.rodata.handlers)
 <LI><a href="#[a9]">att_mtu_req</a> from att.o(.text.att_mtu_req) referenced from att.o(.rodata.handlers)
 <LI><a href="#[b7]">att_mtu_rsp</a> from att.o(.text.att_mtu_rsp) referenced from att.o(.rodata.handlers)
 <LI><a href="#[c2]">att_notify</a> from att.o(.text.att_notify) referenced from att.o(.rodata.handlers)
 <LI><a href="#[c4]">att_notify_mult</a> from att.o(.text.att_notify_mult) referenced from att.o(.rodata.handlers)
 <LI><a href="#[b2]">att_prepare_write_req</a> from att.o(.text.att_prepare_write_req) referenced from att.o(.rodata.handlers)
 <LI><a href="#[ae]">att_read_blob_req</a> from att.o(.text.att_read_blob_req) referenced from att.o(.rodata.handlers)
 <LI><a href="#[b0]">att_read_group_req</a> from att.o(.text.att_read_group_req) referenced from att.o(.rodata.handlers)
 <LI><a href="#[af]">att_read_mult_req</a> from att.o(.text.att_read_mult_req) referenced from att.o(.rodata.handlers)
 <LI><a href="#[ad]">att_read_req</a> from att.o(.text.att_read_req) referenced from att.o(.rodata.handlers)
 <LI><a href="#[ac]">att_read_type_req</a> from att.o(.text.att_read_type_req) referenced from att.o(.rodata.handlers)
 <LI><a href="#[3a]">att_req_sent</a> from att.o(.text.att_req_sent) referenced from att.o(.text.chan_send)
 <LI><a href="#[38]">att_rsp_sent</a> from att.o(.text.att_rsp_sent) referenced from att.o(.text.chan_send)
 <LI><a href="#[3b]">att_sent</a> from att.o(.text.att_sent) referenced from att.o(.text.chan_send)
 <LI><a href="#[18]">att_timeout</a> from att.o(.text.att_timeout) referenced from att.o(.text.bt_att_connected)
 <LI><a href="#[b5]">att_write_cmd</a> from att.o(.text.att_write_cmd) referenced from att.o(.rodata.handlers)
 <LI><a href="#[b1]">att_write_req</a> from att.o(.text.att_write_req) referenced from att.o(.rodata.handlers)
 <LI><a href="#[4f]">attr_read_group_cb</a> from att.o(.text.attr_read_group_cb) referenced from att.o(.text.read_group_cb)
 <LI><a href="#[50]">attr_read_type_cb</a> from att.o(.text.attr_read_type_cb) referenced from att.o(.text.read_type_cb)
 <LI><a href="#[4d]">bg_thread_main</a> from init.o(.text.bg_thread_main) referenced from init.o(.text.prepare_multithreading)
 <LI><a href="#[4d]">bg_thread_main</a> from init.o(.text.bg_thread_main) referenced from init.o(.text.switch_to_main_thread)
 <LI><a href="#[2c]">ble_cgms_evt_handle</a> from bt_le_op.o(.text.ble_cgms_evt_handle) referenced from bt_le_op.o(.text.bt_le_op_init)
 <LI><a href="#[68]">board_early_init</a> from board.o(.text.board_early_init) referenced from board.o(.init_PRE_KERNEL_15)
 <LI><a href="#[77]">board_later_init</a> from board.o(.text.board_later_init) referenced from board.o(.init_POST_KERNEL5)
 <LI><a href="#[7c]">bt_acts_init</a> from hci_acts.o(.text.bt_acts_init) referenced from hci_acts.o(.init_POST_KERNEL50)
 <LI><a href="#[7f]">bt_att_accept</a> from att.o(.text.bt_att_accept) referenced from att.o(._bt_l2cap_fixed_chan.static.att_fixed_chan)
 <LI><a href="#[11c]">bt_att_connected</a> from att.o(.text.bt_att_connected) referenced from att.o(.data.att_chan_new.ops)
 <LI><a href="#[11d]">bt_att_disconnected</a> from att.o(.text.bt_att_disconnected) referenced from att.o(.data.att_chan_new.ops)
 <LI><a href="#[11e]">bt_att_encrypt_change</a> from att.o(.text.bt_att_encrypt_change) referenced from att.o(.data.att_chan_new.ops)
 <LI><a href="#[11f]">bt_att_recv</a> from att.o(.text.bt_att_recv) referenced from att.o(.data.att_chan_new.ops)
 <LI><a href="#[122]">bt_att_released</a> from att.o(.text.bt_att_released) referenced from att.o(.data.att_chan_new.ops)
 <LI><a href="#[120]">bt_att_sent</a> from att.o(.text.bt_att_sent) referenced from att.o(.data.att_chan_new.ops)
 <LI><a href="#[121]">bt_att_status</a> from att.o(.text.bt_att_status) referenced from att.o(.data.att_chan_new.ops)
 <LI><a href="#[2a]">bt_clear_oldest_keys_handler</a> from keys.o(.text.bt_clear_oldest_keys_handler) referenced from keys.o(.text.bt_keys_get_addr)
 <LI><a href="#[2a]">bt_clear_oldest_keys_handler</a> from keys.o(.text.bt_clear_oldest_keys_handler) referenced from keys.o(.text.keys_set)
 <LI><a href="#[8e]">bt_gatt_attr_read_ccc</a> from gatt.o(.text.bt_gatt_attr_read_ccc) referenced from gatt.o(.rodata.attr__1_gatt_svc)
 <LI><a href="#[8e]">bt_gatt_attr_read_ccc</a> from gatt.o(.text.bt_gatt_attr_read_ccc) referenced 3 times from ble_super_service.o(.rodata.attr_cgms_svc)
 <LI><a href="#[8d]">bt_gatt_attr_read_chrc</a> from gatt.o(.text.bt_gatt_attr_read_chrc) referenced 3 times from gatt.o(.rodata.attr__1_gatt_svc)
 <LI><a href="#[8d]">bt_gatt_attr_read_chrc</a> from gatt.o(.text.bt_gatt_attr_read_chrc) referenced 2 times from gatt.o(.rodata.attr__2_gap_svc)
 <LI><a href="#[8d]">bt_gatt_attr_read_chrc</a> from gatt.o(.text.bt_gatt_attr_read_chrc) referenced 7 times from ble_super_service.o(.rodata.attr_cgms_svc)
 <LI><a href="#[8c]">bt_gatt_attr_read_service</a> from gatt.o(.text.bt_gatt_attr_read_service) referenced from gatt.o(.rodata.attr__1_gatt_svc)
 <LI><a href="#[8c]">bt_gatt_attr_read_service</a> from gatt.o(.text.bt_gatt_attr_read_service) referenced from gatt.o(.rodata.attr__2_gap_svc)
 <LI><a href="#[8c]">bt_gatt_attr_read_service</a> from gatt.o(.text.bt_gatt_attr_read_service) referenced from ble_super_service.o(.rodata.attr_cgms_svc)
 <LI><a href="#[34]">bt_gatt_attr_write_ccc</a> from gatt.o(.text.bt_gatt_attr_write_ccc) referenced from gatt.o(.rodata.attr__1_gatt_svc)
 <LI><a href="#[34]">bt_gatt_attr_write_ccc</a> from gatt.o(.text.bt_gatt_attr_write_ccc) referenced 3 times from ble_super_service.o(.rodata.attr_cgms_svc)
 <LI><a href="#[34]">bt_gatt_attr_write_ccc</a> from gatt.o(.text.bt_gatt_attr_write_ccc) referenced from gatt.o(.text.ccc_save)
 <LI><a href="#[34]">bt_gatt_attr_write_ccc</a> from gatt.o(.text.bt_gatt_attr_write_ccc) referenced from gatt.o(.text.disconnected_cb)
 <LI><a href="#[34]">bt_gatt_attr_write_ccc</a> from gatt.o(.text.bt_gatt_attr_write_ccc) referenced from gatt.o(.text.notify_cb)
 <LI><a href="#[34]">bt_gatt_attr_write_ccc</a> from gatt.o(.text.bt_gatt_attr_write_ccc) referenced from gatt.o(.text.remove_peer_from_attr)
 <LI><a href="#[34]">bt_gatt_attr_write_ccc</a> from gatt.o(.text.bt_gatt_attr_write_ccc) referenced from gatt.o(.text.update_ccc)
 <LI><a href="#[81]">bt_smp_accept</a> from smp_1.o(.text.bt_smp_accept) referenced from smp_1.o(._bt_l2cap_fixed_chan.static.smp_fixed_chan)
 <LI><a href="#[9b]">bt_smp_connected</a> from smp_1.o(.text.bt_smp_connected) referenced from smp_1.o(.rodata.bt_smp_accept.ops)
 <LI><a href="#[56]">bt_smp_dhkey_ready</a> from smp_1.o(.text.bt_smp_dhkey_ready) referenced from smp_1.o(.text.smp_dhkey_generate)
 <LI><a href="#[9c]">bt_smp_disconnected</a> from smp_1.o(.text.bt_smp_disconnected) referenced from smp_1.o(.rodata.bt_smp_accept.ops)
 <LI><a href="#[9d]">bt_smp_encrypt_change</a> from smp_1.o(.text.bt_smp_encrypt_change) referenced from smp_1.o(.rodata.bt_smp_accept.ops)
 <LI><a href="#[124]">bt_smp_pkey_ready</a> from smp_1.o(.text.bt_smp_pkey_ready) referenced from smp_1.o(.data.bt_smp_init.pub_key_cb)
 <LI><a href="#[9e]">bt_smp_recv</a> from smp_1.o(.text.bt_smp_recv) referenced from smp_1.o(.rodata.bt_smp_accept.ops)
 <LI><a href="#[131]">btc_acts_pm_control</a> from ipmsg_btc.o(.text.btc_acts_pm_control) referenced from ipmsg_btc.o(.device_POST_KERNEL40)
 <LI><a href="#[31]">btc_recv_cb</a> from bt_drv.o(.text.btc_recv_cb) referenced from bt_drv.o(.text.btdrv_init)
 <LI><a href="#[51]">calc_crc8</a> from nvram_config.o(.text.calc_crc8) referenced from nvram_config.o(.text.region_set)
 <LI><a href="#[25]">ccc_delayed_store</a> from gatt.o(.text.ccc_delayed_store) referenced from gatt.o(.text.bt_gatt_init)
 <LI><a href="#[35]">ccc_load</a> from gatt.o(.text.ccc_load) referenced from gatt.o(.text.ccc_set_direct)
 <LI><a href="#[27]">ccc_save</a> from gatt.o(.text.ccc_save) referenced from gatt.o(.text.bt_gatt_store_ccc)
 <LI><a href="#[84]">ccc_set_cb</a> from gatt.o(.text.ccc_set_cb) referenced from gatt.o(._settings_handler_static.static.settings_handler_bt_ccc)
 <LI><a href="#[1d]">ccc_set_direct</a> from gatt.o(.text.ccc_set_direct) referenced from gatt.o(.text.bt_gatt_connected)
 <LI><a href="#[8f]">cf_read</a> from gatt.o(.text.cf_read) referenced from gatt.o(.rodata.attr__1_gatt_svc)
 <LI><a href="#[85]">cf_set</a> from gatt.o(.text.cf_set) referenced from gatt.o(._settings_handler_static.static.settings_handler_bt_cf)
 <LI><a href="#[90]">cf_write</a> from gatt.o(.text.cf_write) referenced from gatt.o(.rodata.attr__1_gatt_svc)
 <LI><a href="#[119]">cgms_meas_ccc_cfg_changed</a> from ble_super_service.o(.text.cgms_meas_ccc_cfg_changed) referenced from ble_super_service.o(.data..compoundliteral.7)
 <LI><a href="#[17]">cgms_meas_work_handler</a> from ble_super_service.o(.text.cgms_meas_work_handler) referenced from ble_super_service.o(.text.ble_cgms_init)
 <LI><a href="#[117]">cgms_racp_ccc_cfg_changed</a> from ble_super_service.o(.text.cgms_racp_ccc_cfg_changed) referenced from ble_super_service.o(.data..compoundliteral.29)
 <LI><a href="#[36]">cgms_racp_ind_cb</a> from ble_super_service.o(.text.cgms_racp_ind_cb) referenced from ble_super_service.o(.text.cgms_racp_indicate)
 <LI><a href="#[94]">cgms_read_feature</a> from ble_super_service.o(.text.cgms_read_feature) referenced from ble_super_service.o(.rodata.attr_cgms_svc)
 <LI><a href="#[98]">cgms_read_srt</a> from ble_super_service.o(.text.cgms_read_srt) referenced from ble_super_service.o(.rodata.attr_cgms_svc)
 <LI><a href="#[96]">cgms_read_sst</a> from ble_super_service.o(.text.cgms_read_sst) referenced from ble_super_service.o(.rodata.attr_cgms_svc)
 <LI><a href="#[95]">cgms_read_status</a> from ble_super_service.o(.text.cgms_read_status) referenced from ble_super_service.o(.rodata.attr_cgms_svc)
 <LI><a href="#[118]">cgms_socp_ccc_cfg_changed</a> from ble_super_service.o(.text.cgms_socp_ccc_cfg_changed) referenced from ble_super_service.o(.data..compoundliteral.35)
 <LI><a href="#[37]">cgms_socp_ind_cb</a> from ble_super_service.o(.text.cgms_socp_ind_cb) referenced from ble_super_service.o(.text.cgms_socp_send_response)
 <LI><a href="#[99]">cgms_write_racp</a> from ble_super_service.o(.text.cgms_write_racp) referenced from ble_super_service.o(.rodata.attr_cgms_svc)
 <LI><a href="#[9a]">cgms_write_socp</a> from ble_super_service.o(.text.cgms_write_socp) referenced from ble_super_service.o(.rodata.attr_cgms_svc)
 <LI><a href="#[97]">cgms_write_sst</a> from ble_super_service.o(.text.cgms_write_sst) referenced from ble_super_service.o(.rodata.attr_cgms_svc)
 <LI><a href="#[d]">chan_cfm_sent</a> from att.o(.text.chan_cfm_sent) referenced from att.o(.text.att_cfm_sent)
 <LI><a href="#[d]">chan_cfm_sent</a> from att.o(.text.chan_cfm_sent) referenced from att.o(.text.att_indicate)
 <LI><a href="#[d]">chan_cfm_sent</a> from att.o(.text.chan_cfm_sent) referenced 2 times from att.o(.text.chan_send)
 <LI><a href="#[14]">chan_req_sent</a> from att.o(.text.chan_req_sent) referenced from att.o(.text.att_req_sent)
 <LI><a href="#[14]">chan_req_sent</a> from att.o(.text.chan_req_sent) referenced 3 times from att.o(.text.chan_send)
 <LI><a href="#[10]">chan_rsp_sent</a> from att.o(.text.chan_rsp_sent) referenced from att.o(.text.att_mtu_req)
 <LI><a href="#[10]">chan_rsp_sent</a> from att.o(.text.chan_rsp_sent) referenced from att.o(.text.att_rsp_sent)
 <LI><a href="#[10]">chan_rsp_sent</a> from att.o(.text.chan_rsp_sent) referenced from att.o(.text.att_write_rsp)
 <LI><a href="#[10]">chan_rsp_sent</a> from att.o(.text.chan_rsp_sent) referenced 2 times from att.o(.text.chan_send)
 <LI><a href="#[10]">chan_rsp_sent</a> from att.o(.text.chan_rsp_sent) referenced from att.o(.text.send_err_rsp)
 <LI><a href="#[63]">char_out</a> from printk.o(.text.char_out) referenced from printk.o(.text.vprintk)
 <LI><a href="#[83]">commit</a> from settings_1.o(.text.commit) referenced from settings_1.o(._settings_handler_static.static.settings_handler_bt)
 <LI><a href="#[127]">connected</a> from bt_le_op.o(.text.connected) referenced from bt_le_op.o(.data.conn_callbacks)
 <LI><a href="#[5d]">console_out</a> from uart_console.o(.text.console_out) referenced from uart_console.o(.text.uart_console_init)
 <LI><a href="#[87]">db_hash_commit</a> from gatt.o(.text.db_hash_commit) referenced from gatt.o(._settings_handler_static.static.settings_handler_bt_hash)
 <LI><a href="#[23]">db_hash_process</a> from gatt.o(.text.db_hash_process) referenced from gatt.o(.text.bt_gatt_init)
 <LI><a href="#[91]">db_hash_read</a> from gatt.o(.text.db_hash_read) referenced from gatt.o(.rodata.attr__1_gatt_svc)
 <LI><a href="#[86]">db_hash_set</a> from gatt.o(.text.db_hash_set) referenced from gatt.o(._settings_handler_static.static.settings_handler_bt_hash)
 <LI><a href="#[19]">deferred_work</a> from conn.o(.text.deferred_work) referenced from conn.o(.text.bt_conn_add_le)
 <LI><a href="#[4c]">device_pm_control_nop</a> from device.o(.text.device_pm_control_nop) referenced from soc_pm.o(.device_APPLICATION50)
 <LI><a href="#[4c]">device_pm_control_nop</a> from device.o(.text.device_pm_control_nop) referenced from vdma_acts.o(.device_POST_KERNEL1)
 <LI><a href="#[4c]">device_pm_control_nop</a> from device.o(.text.device_pm_control_nop) referenced 2 times from gpio_acts.o(.device_POST_KERNEL50)
 <LI><a href="#[4c]">device_pm_control_nop</a> from device.o(.text.device_pm_control_nop) referenced from spi_flash_acts.o(.device_PRE_KERNEL_240)
 <LI><a href="#[4c]">device_pm_control_nop</a> from device.o(.text.device_pm_control_nop) referenced from device_1.o(.text.pm_create_device_list)
 <LI><a href="#[128]">disconnected</a> from bt_le_op.o(.text.disconnected) referenced from bt_le_op.o(.data.conn_callbacks)
 <LI><a href="#[1e]">disconnected_cb</a> from gatt.o(.text.disconnected_cb) referenced from gatt.o(.text.bt_gatt_disconnected)
 <LI><a href="#[12a]">exchange_func</a> from bt_le_op.o(.text.exchange_func) referenced from bt_le_op.o(.data.exchange_params)
 <LI><a href="#[e]">find_info_cb</a> from att.o(.text.find_info_cb) referenced from att.o(.text.att_find_info_req)
 <LI><a href="#[f]">find_type_cb</a> from att.o(.text.find_type_cb) referenced from att.o(.text.att_find_type_req)
 <LI><a href="#[e5]">fixed_data_alloc</a> from buf_1.o(.text.fixed_data_alloc) referenced from buf_1.o(.rodata.net_buf_fixed_cb)
 <LI><a href="#[e6]">fixed_data_unref</a> from buf_1.o(.text.fixed_data_unref) referenced from buf_1.o(.rodata.net_buf_fixed_cb)
 <LI><a href="#[22]">gatt_exchange_mtu_encode</a> from gatt.o(.text.gatt_exchange_mtu_encode) referenced from gatt.o(.text.bt_gatt_exchange_mtu)
 <LI><a href="#[40]">gatt_indicate_rsp</a> from gatt.o(.text.gatt_indicate_rsp) referenced from gatt.o(.text.gatt_indicate)
 <LI><a href="#[21]">gatt_mtu_rsp</a> from gatt.o(.text.gatt_mtu_rsp) referenced from gatt.o(.text.bt_gatt_exchange_mtu)
 <LI><a href="#[42]">gatt_write_ccc_buf</a> from gatt.o(.text.gatt_write_ccc_buf) referenced from gatt.o(.text.gatt_write_ccc)
 <LI><a href="#[41]">gatt_write_ccc_rsp</a> from gatt.o(.text.gatt_write_ccc_rsp) referenced from gatt.o(.text.gatt_write_ccc)
 <LI><a href="#[3d]">gen_hash_m</a> from gatt.o(.text.gen_hash_m) referenced from gatt.o(.text.db_hash_gen)
 <LI><a href="#[a1]">gpio_acts_config</a> from gpio_acts.o(.text.gpio_acts_config) referenced from gpio_acts.o(.rodata.gpio_acts_api)
 <LI><a href="#[7b]">gpio_acts_init</a> from gpio_acts.o(.text.gpio_acts_init) referenced 2 times from gpio_acts.o(.init_POST_KERNEL50)
 <LI><a href="#[43]">gpio_acts_isr</a> from gpio_acts.o(.text.gpio_acts_isr) referenced from gpio_acts.o(.text.gpio_acts_init)
 <LI><a href="#[a8]">gpio_acts_manage_callback</a> from gpio_acts.o(.text.gpio_acts_manage_callback) referenced from gpio_acts.o(.rodata.gpio_acts_api)
 <LI><a href="#[a7]">gpio_acts_pin_interrupt_configure</a> from gpio_acts.o(.text.gpio_acts_pin_interrupt_configure) referenced from gpio_acts.o(.rodata.gpio_acts_api)
 <LI><a href="#[a5]">gpio_acts_port_clear_bits_raw</a> from gpio_acts.o(.text.gpio_acts_port_clear_bits_raw) referenced from gpio_acts.o(.rodata.gpio_acts_api)
 <LI><a href="#[a2]">gpio_acts_port_get_raw</a> from gpio_acts.o(.text.gpio_acts_port_get_raw) referenced from gpio_acts.o(.rodata.gpio_acts_api)
 <LI><a href="#[a4]">gpio_acts_port_set_bits_raw</a> from gpio_acts.o(.text.gpio_acts_port_set_bits_raw) referenced from gpio_acts.o(.rodata.gpio_acts_api)
 <LI><a href="#[a3]">gpio_acts_port_set_masked_raw</a> from gpio_acts.o(.text.gpio_acts_port_set_masked_raw) referenced from gpio_acts.o(.rodata.gpio_acts_api)
 <LI><a href="#[a6]">gpio_acts_port_toggle_bits</a> from gpio_acts.o(.text.gpio_acts_port_toggle_bits) referenced from gpio_acts.o(.rodata.gpio_acts_api)
 <LI><a href="#[ed]">hci_cmd_complete</a> from hci_core.o(.text.hci_cmd_complete) referenced from hci_core.o(.rodata.prio_events)
 <LI><a href="#[ee]">hci_cmd_status</a> from hci_core.o(.text.hci_cmd_status) referenced from hci_core.o(.rodata.prio_events)
 <LI><a href="#[ef]">hci_data_buf_overflow</a> from hci_core.o(.text.hci_data_buf_overflow) referenced from hci_core.o(.rodata.prio_events)
 <LI><a href="#[e9]">hci_disconn_complete</a> from hci_core.o(.text.hci_disconn_complete) referenced from hci_core.o(.rodata.normal_events)
 <LI><a href="#[f1]">hci_disconn_complete_prio</a> from hci_core.o(.text.hci_disconn_complete_prio) referenced from hci_core.o(.rodata.prio_events)
 <LI><a href="#[ea]">hci_encrypt_change</a> from hci_core.o(.text.hci_encrypt_change) referenced from hci_core.o(.rodata.normal_events)
 <LI><a href="#[eb]">hci_encrypt_key_refresh_complete</a> from hci_core.o(.text.hci_encrypt_key_refresh_complete) referenced from hci_core.o(.rodata.normal_events)
 <LI><a href="#[125]">hci_get_buf</a> from hci_acts.o(.text.hci_get_buf) referenced from hci_acts.o(.data.cb)
 <LI><a href="#[ec]">hci_hardware_error</a> from hci_core.o(.text.hci_hardware_error) referenced from hci_core.o(.rodata.normal_events)
 <LI><a href="#[e8]">hci_le_meta_event</a> from hci_core.o(.text.hci_le_meta_event) referenced from hci_core.o(.rodata.normal_events)
 <LI><a href="#[f0]">hci_num_completed_packets</a> from hci_core.o(.text.hci_num_completed_packets) referenced from hci_core.o(.rodata.prio_events)
 <LI><a href="#[126]">hci_recv</a> from hci_acts.o(.text.hci_recv) referenced from hci_acts.o(.data.cb)
 <LI><a href="#[1c]">hci_rx_thread</a> from hci_core.o(.text.hci_rx_thread) referenced from hci_core.o(.text.bt_enable)
 <LI><a href="#[1b]">hci_tx_thread</a> from hci_core.o(.text.hci_tx_thread) referenced from hci_core.o(.text.bt_enable)
 <LI><a href="#[e7]">hci_vendor_event</a> from hci_core.o(.text.hci_vendor_event) referenced from hci_core.o(.rodata.normal_events)
 <LI><a href="#[4e]">idle</a> from idle.o(.text.idle) referenced from init.o(.text.prepare_multithreading)
 <LI><a href="#[6e]">init_mem_slab_module</a> from mem_slab.o(.text.init_mem_slab_module) referenced from mem_slab.o(.init_PRE_KERNEL_130)
 <LI><a href="#[123]">init_work</a> from hci_core.o(.text.init_work) referenced from hci_core.o(.data.bt_dev)
 <LI><a href="#[7a]">ipmsg_btc_init</a> from ipmsg_btc.o(.text.ipmsg_btc_init) referenced from ipmsg_btc.o(.init_POST_KERNEL40)
 <LI><a href="#[45]">ipmsg_btc_isr0</a> from ipmsg_btc.o(.text.ipmsg_btc_isr0) referenced from ipmsg_btc.o(.text.ipmsg_btc_init)
 <LI><a href="#[46]">ipmsg_btc_isr1</a> from ipmsg_btc.o(.text.ipmsg_btc_isr1) referenced from ipmsg_btc.o(.text.ipmsg_btc_init)
 <LI><a href="#[d3]">ipmsg_btc_load</a> from ipmsg_btc.o(.text.ipmsg_btc_load) referenced from ipmsg_btc.o(.rodata.ipmsg_btc_driver_api)
 <LI><a href="#[d6]">ipmsg_btc_notify</a> from ipmsg_btc.o(.text.ipmsg_btc_notify) referenced from ipmsg_btc.o(.rodata.ipmsg_btc_driver_api)
 <LI><a href="#[d7]">ipmsg_btc_register_callback</a> from ipmsg_btc.o(.text.ipmsg_btc_register_callback) referenced from ipmsg_btc.o(.rodata.ipmsg_btc_driver_api)
 <LI><a href="#[d4]">ipmsg_btc_start</a> from ipmsg_btc.o(.text.ipmsg_btc_start) referenced from ipmsg_btc.o(.rodata.ipmsg_btc_driver_api)
 <LI><a href="#[d5]">ipmsg_btc_stop</a> from ipmsg_btc.o(.text.ipmsg_btc_stop) referenced from ipmsg_btc.o(.rodata.ipmsg_btc_driver_api)
 <LI><a href="#[79]">k_sys_work_q_init</a> from system_work_q.o(.text.k_sys_work_q_init) referenced from system_work_q.o(.init_POST_KERNEL40)
 <LI><a href="#[44]">kernel_stack_dump</a> from hci_core.o(.text.kernel_stack_dump) referenced from hci_core.o(.text.hci_disconn_complete)
 <LI><a href="#[29]">keys_add_id</a> from hci_core.o(.text.keys_add_id) referenced from hci_core.o(.text.bt_id_del)
 <LI><a href="#[89]">keys_commit</a> from keys.o(.text.keys_commit) referenced from keys.o(._settings_handler_static.static.settings_handler_bt_keys)
 <LI><a href="#[88]">keys_set</a> from keys.o(.text.keys_set) referenced from keys.o(._settings_handler_static.static.settings_handler_bt_keys)
 <LI><a href="#[80]">l2cap_accept</a> from l2cap.o(.text.l2cap_accept) referenced from l2cap.o(._bt_l2cap_fixed_chan.static.le_fixed_chan)
 <LI><a href="#[d8]">l2cap_connected</a> from l2cap.o(.text.l2cap_connected) referenced from l2cap.o(.rodata.l2cap_accept.ops)
 <LI><a href="#[d9]">l2cap_disconnected</a> from l2cap.o(.text.l2cap_disconnected) referenced from l2cap.o(.rodata.l2cap_accept.ops)
 <LI><a href="#[da]">l2cap_recv</a> from l2cap.o(.text.l2cap_recv) referenced from l2cap.o(.rodata.l2cap_accept.ops)
 <LI><a href="#[2b]">l2cap_rtx_timeout</a> from l2cap.o(.text.l2cap_rtx_timeout) referenced from l2cap.o(.text.bt_l2cap_connected)
 <LI><a href="#[e0]">le_conn_param_req</a> from hci_core.o(.text.le_conn_param_req) referenced from hci_core.o(.rodata.meta_events)
 <LI><a href="#[de]">le_conn_update_complete</a> from hci_core.o(.text.le_conn_update_complete) referenced from hci_core.o(.rodata.meta_events)
 <LI><a href="#[e4]">le_dhkey_complete</a> from hci_core.o(.text.le_dhkey_complete) referenced from hci_core.o(.rodata.meta_events)
 <LI><a href="#[dd]">le_enh_conn_complete</a> from hci_core.o(.text.le_enh_conn_complete) referenced from hci_core.o(.rodata.meta_events)
 <LI><a href="#[dc]">le_legacy_conn_complete</a> from hci_core.o(.text.le_legacy_conn_complete) referenced from hci_core.o(.rodata.meta_events)
 <LI><a href="#[e2]">le_ltk_request</a> from hci_core.o(.text.le_ltk_request) referenced from hci_core.o(.rodata.meta_events)
 <LI><a href="#[129]">le_param_updated</a> from bt_le_op.o(.text.le_param_updated) referenced from bt_le_op.o(.data.conn_callbacks)
 <LI><a href="#[e1]">le_phy_update_complete</a> from hci_core.o(.text.le_phy_update_complete) referenced from hci_core.o(.rodata.meta_events)
 <LI><a href="#[e3]">le_pkey_complete</a> from hci_core.o(.text.le_pkey_complete) referenced from hci_core.o(.rodata.meta_events)
 <LI><a href="#[df]">le_remote_feat_complete</a> from hci_core.o(.text.le_remote_feat_complete) referenced from hci_core.o(.rodata.meta_events)
 <LI><a href="#[7e]">lpcmp_acts_init</a> from soc_pm.o(.text.lpcmp_acts_init) referenced from soc_pm.o(.init_APPLICATION50)
 <LI><a href="#[db]">lpcmp_acts_irq_config</a> from soc_pm.o(.text.lpcmp_acts_irq_config) referenced from soc_pm.o(.rodata.lpcmp_acts_config)
 <LI><a href="#[4a]">lpcmp_acts_isr</a> from soc_pm.o(.text.lpcmp_acts_isr) referenced from soc_pm.o(.text.lpcmp_acts_irq_config)
 <LI><a href="#[3f]">match_uuid</a> from gatt.o(.text.match_uuid) referenced from gatt.o(.text.gatt_find_by_uuid)
 <LI><a href="#[2f]">memcpy</a> from string.o(.text.memcpy) referenced from smp_1.o(.text.bt_smp_encrypt_change)
 <LI><a href="#[16]">memset</a> from string.o(.text.memset) referenced from ble_super_service.o(.text.ble_cgms_init)
 <LI><a href="#[5b]">mult_row_column</a> from aes_encrypt.o(.text.mult_row_column) referenced from aes_encrypt.o(.text.tc_aes_encrypt)
 <LI><a href="#[69]">my_pool_init</a> from rbuf_init.o(.text.my_pool_init) referenced from rbuf_init.o(.init_PRE_KERNEL_15)
 <LI><a href="#[28]">net_buf_id</a> from buf_1.o(.text.net_buf_id) referenced from hci_core.o(.text.bt_hci_cmd_create)
 <LI><a href="#[26]">notify_cb</a> from gatt.o(.text.notify_cb) referenced from gatt.o(.text.bt_gatt_notify_cb)
 <LI><a href="#[74]">nvram_config_init</a> from nvram_config.o(.text.nvram_config_init) referenced from nvram_config.o(.init_PRE_KERNEL_248)
 <LI><a href="#[6f]">partition_init</a> from partition.o(.text.partition_init) referenced from partition.o(.init_PRE_KERNEL_160)
 <LI><a href="#[3e]">pending_id_update</a> from hci_core.o(.text.pending_id_update) referenced from hci_core.o(.text.enh_conn_complete)
 <LI><a href="#[7d]">pm_init</a> from power.o(.text.pm_init) referenced from power.o(.init_APPLICATION40)
 <LI><a href="#[5a]">printk</a> from printk.o(.text.printk) referenced from sys_standby.o(.text.sys_standby_init)
 <LI><a href="#[5a]">printk</a> from printk.o(.text.printk) referenced from fatal.o(.text.z_arm_fatal_error)
 <LI><a href="#[32]">rbuf_pool_alloc</a> from rbuf_pool.o(.text.rbuf_pool_alloc) referenced from bt_drv.o(.text.btdrv_init)
 <LI><a href="#[93]">read_appearance</a> from gatt.o(.text.read_appearance) referenced from gatt.o(.rodata.attr__2_gap_svc)
 <LI><a href="#[12]">read_cb</a> from att.o(.text.read_cb) referenced from att.o(.text.att_read_rsp)
 <LI><a href="#[11]">read_group_cb</a> from att.o(.text.read_group_cb) referenced from att.o(.text.att_read_group_req)
 <LI><a href="#[92]">read_name</a> from gatt.o(.text.read_name) referenced from gatt.o(.rodata.attr__2_gap_svc)
 <LI><a href="#[13]">read_type_cb</a> from att.o(.text.read_type_cb) referenced from att.o(.text.att_read_type_req)
 <LI><a href="#[1f]">remove_peer_from_attr</a> from gatt.o(.text.remove_peer_from_attr) referenced from gatt.o(.text.bt_gatt_disconnected)
 <LI><a href="#[33]">rx_thread</a> from bt_drv.o(.text.rx_thread) referenced from bt_drv.o(.text.btdrv_init)
 <LI><a href="#[12d]">save_id</a> from settings_1.o(.text.save_id) referenced from settings_1.o(.data.save_id_work)
 <LI><a href="#[12e]">sc_ccc_cfg_write</a> from gatt.o(.text.sc_ccc_cfg_write) referenced from gatt.o(.data.sc_ccc)
 <LI><a href="#[8b]">sc_commit</a> from gatt.o(.text.sc_commit) referenced from gatt.o(._settings_handler_static.static.settings_handler_bt_sc)
 <LI><a href="#[52]">sc_indicate_rsp</a> from gatt.o(.text.sc_indicate_rsp) referenced from gatt.o(.text.sc_process)
 <LI><a href="#[24]">sc_process</a> from gatt.o(.text.sc_process) referenced from gatt.o(.text.bt_gatt_init)
 <LI><a href="#[5f]">sc_restore_rsp</a> from gatt.o(.text.sc_restore_rsp) referenced from gatt.o(.text.update_ccc)
 <LI><a href="#[8a]">sc_set</a> from gatt.o(.text.sc_set) referenced from gatt.o(._settings_handler_static.static.settings_handler_bt_sc)
 <LI><a href="#[71]">sd_fs_init</a> from sdfs.o(.text.sd_fs_init) referenced from sdfs.o(.init_PRE_KERNEL_180)
 <LI><a href="#[82]">set</a> from settings_1.o(.text.set) referenced from settings_1.o(._settings_handler_static.static.settings_handler_bt)
 <LI><a href="#[f2]">settings_nvram_load</a> from settings_nvram.o(.text.settings_nvram_load) referenced from settings_nvram.o(.rodata.settings_nvram_itf)
 <LI><a href="#[54]">settings_nvram_load_cb</a> from settings_nvram.o(.text.settings_nvram_load_cb) referenced from settings_nvram.o(.text.settings_nvram_load)
 <LI><a href="#[55]">settings_nvram_read_cb</a> from settings_nvram.o(.text.settings_nvram_read_cb) referenced from settings_nvram.o(.text.settings_nvram_load_cb)
 <LI><a href="#[f3]">settings_nvram_save</a> from settings_nvram.o(.text.settings_nvram_save) referenced from settings_nvram.o(.rodata.settings_nvram_itf)
 <LI><a href="#[d1]">smp_dhkey_check</a> from smp_1.o(.text.smp_dhkey_check) referenced from smp_1.o(.rodata.handlers)
 <LI><a href="#[ca]">smp_encrypt_info</a> from smp_1.o(.text.smp_encrypt_info) referenced from smp_1.o(.rodata.handlers)
 <LI><a href="#[cd]">smp_ident_addr_info</a> from smp_1.o(.text.smp_ident_addr_info) referenced from smp_1.o(.rodata.handlers)
 <LI><a href="#[cc]">smp_ident_info</a> from smp_1.o(.text.smp_ident_info) referenced from smp_1.o(.rodata.handlers)
 <LI><a href="#[2e]">smp_ident_sent</a> from smp_1.o(.text.smp_ident_sent) referenced from smp_1.o(.text.bt_smp_encrypt_change)
 <LI><a href="#[d2]">smp_keypress_notif</a> from smp_1.o(.text.smp_keypress_notif) referenced from smp_1.o(.rodata.handlers)
 <LI><a href="#[cb]">smp_master_ident</a> from smp_1.o(.text.smp_master_ident) referenced from smp_1.o(.rodata.handlers)
 <LI><a href="#[c7]">smp_pairing_confirm</a> from smp_1.o(.text.smp_pairing_confirm) referenced from smp_1.o(.rodata.handlers)
 <LI><a href="#[c9]">smp_pairing_failed</a> from smp_1.o(.text.smp_pairing_failed) referenced from smp_1.o(.rodata.handlers)
 <LI><a href="#[c8]">smp_pairing_random</a> from smp_1.o(.text.smp_pairing_random) referenced from smp_1.o(.rodata.handlers)
 <LI><a href="#[c5]">smp_pairing_req</a> from smp_1.o(.text.smp_pairing_req) referenced from smp_1.o(.rodata.handlers)
 <LI><a href="#[c6]">smp_pairing_rsp</a> from smp_1.o(.text.smp_pairing_rsp) referenced from smp_1.o(.rodata.handlers)
 <LI><a href="#[d0]">smp_public_key</a> from smp_1.o(.text.smp_public_key) referenced from smp_1.o(.rodata.handlers)
 <LI><a href="#[cf]">smp_security_request</a> from smp_1.o(.text.smp_security_request) referenced from smp_1.o(.rodata.handlers)
 <LI><a href="#[ce]">smp_signing_info</a> from smp_1.o(.text.smp_signing_info) referenced from smp_1.o(.rodata.handlers)
 <LI><a href="#[2d]">smp_timeout</a> from smp_1.o(.text.smp_timeout) referenced from smp_1.o(.text.bt_smp_connected)
 <LI><a href="#[6b]">soc_clock_init</a> from soc_clock.o(.text.soc_clock_init) referenced from soc_clock.o(.init_PRE_KERNEL_120)
 <LI><a href="#[75]">soc_clock_init_later</a> from soc_clock.o(.text.soc_clock_init_later) referenced from soc_clock.o(.init_PRE_KERNEL_280)
 <LI><a href="#[6a]">soc_pm_init</a> from soc_pm.o(.text.soc_pm_init) referenced from soc_pm.o(.init_PRE_KERNEL_120)
 <LI><a href="#[6c]">soc_sleep_init</a> from soc_sleep.o(.text.soc_sleep_init) referenced from soc_sleep.o(.init_PRE_KERNEL_120)
 <LI><a href="#[f6]">spi_flash_acts_erase</a> from spi_flash_acts.o(.text.spi_flash_acts_erase) referenced from spi_flash_acts.o(.rodata.spi_flash_nor_api)
 <LI><a href="#[73]">spi_flash_acts_init</a> from spi_flash_acts.o(.ramfunc) referenced from spi_flash_acts.o(.init_PRE_KERNEL_240)
 <LI><a href="#[f8]">spi_flash_acts_pages_layout</a> from spi_flash_acts.o(.text.spi_flash_acts_pages_layout) referenced from spi_flash_acts.o(.rodata.spi_flash_nor_api)
 <LI><a href="#[116]">spi_flash_acts_prepare</a> from spi_flash_acts.o(.ramfunc) referenced from spi_flash_acts.o(.ramfunc)
 <LI><a href="#[f4]">spi_flash_acts_read</a> from spi_flash_acts.o(.text.spi_flash_acts_read) referenced from spi_flash_acts.o(.rodata.spi_flash_nor_api)
 <LI><a href="#[f5]">spi_flash_acts_write</a> from spi_flash_acts.o(.text.spi_flash_acts_write) referenced from spi_flash_acts.o(.rodata.spi_flash_nor_api)
 <LI><a href="#[f7]">spi_flash_acts_write_protection</a> from spi_flash_acts.o(.text.spi_flash_acts_write_protection) referenced from spi_flash_acts.o(.rodata.spi_flash_nor_api)
 <LI><a href="#[6d]">statics_init</a> from kheap.o(.text.statics_init) referenced from kheap.o(.init_PRE_KERNEL_130)
 <LI><a href="#[64]">str_out</a> from printk.o(.text.str_out) referenced from printk.o(.text.vsnprintk)
 <LI><a href="#[3c]">sys_memcpy_swap</a> from smp_1.o(.text.sys_memcpy_swap) referenced from smp_1.o(.text.compute_and_check_and_send_slave_dhcheck)
 <LI><a href="#[3c]">sys_memcpy_swap</a> from smp_1.o(.text.sys_memcpy_swap) referenced from smp_1.o(.text.smp_f6)
 <LI><a href="#[3c]">sys_memcpy_swap</a> from smp_1.o(.text.sys_memcpy_swap) referenced from smp_1.o(.text.smp_pairing_random)
 <LI><a href="#[66]">tai_init</a> from soc.o(.text.tai_init) referenced from soc.o(.init_PRE_KERNEL_10)
 <LI><a href="#[5e]">tc_hmac_update</a> from hmac.o(.text.tc_hmac_update) referenced from hmac_prng.o(.text.update)
 <LI><a href="#[48]">thread_backtrace</a> from unwind.o(.text.thread_backtrace) referenced from unwind.o(.text.k_sys_fatal_error_handler)
 <LI><a href="#[1a]">tx_complete_work</a> from conn.o(.text.tx_complete_work) referenced from conn.o(.text.bt_conn_add_le)
 <LI><a href="#[f9]">uart0_acts_irq_config</a> from uart_acts.o(.text.uart0_acts_irq_config) referenced from uart_acts.o(.rodata.uart_acts_config_0)
 <LI><a href="#[fa]">uart1_acts_irq_config</a> from uart_acts.o(.text.uart1_acts_irq_config) referenced from uart_acts.o(.rodata.uart_acts_config_1)
 <LI><a href="#[fd]">uart_acts_err_check</a> from uart_acts.o(.text.uart_acts_err_check) referenced from uart_acts.o(.rodata.uart_acts_driver_api)
 <LI><a href="#[100]">uart_acts_fifo_fill</a> from uart_acts.o(.text.uart_acts_fifo_fill) referenced from uart_acts.o(.rodata.uart_acts_driver_api)
 <LI><a href="#[101]">uart_acts_fifo_read</a> from uart_acts.o(.text.uart_acts_fifo_read) referenced from uart_acts.o(.rodata.uart_acts_driver_api)
 <LI><a href="#[ff]">uart_acts_get_config</a> from uart_acts.o(.text.uart_acts_get_config) referenced from uart_acts.o(.rodata.uart_acts_driver_api)
 <LI><a href="#[67]">uart_acts_init</a> from uart_acts.o(.text.uart_acts_init) referenced 2 times from uart_acts.o(.init_PRE_KERNEL_10)
 <LI><a href="#[10b]">uart_acts_irq_callback_set</a> from uart_acts.o(.text.uart_acts_irq_callback_set) referenced from uart_acts.o(.rodata.uart_acts_driver_api)
 <LI><a href="#[109]">uart_acts_irq_is_pending</a> from uart_acts.o(.text.uart_acts_irq_is_pending) referenced from uart_acts.o(.rodata.uart_acts_driver_api)
 <LI><a href="#[106]">uart_acts_irq_rx_disable</a> from uart_acts.o(.text.uart_acts_irq_rx_disable) referenced from uart_acts.o(.rodata.uart_acts_driver_api)
 <LI><a href="#[105]">uart_acts_irq_rx_enable</a> from uart_acts.o(.text.uart_acts_irq_rx_enable) referenced from uart_acts.o(.rodata.uart_acts_driver_api)
 <LI><a href="#[108]">uart_acts_irq_rx_ready</a> from uart_acts.o(.text.uart_acts_irq_rx_ready) referenced from uart_acts.o(.rodata.uart_acts_driver_api)
 <LI><a href="#[107]">uart_acts_irq_tx_complete</a> from uart_acts.o(.text.uart_acts_irq_tx_complete) referenced from uart_acts.o(.rodata.uart_acts_driver_api)
 <LI><a href="#[103]">uart_acts_irq_tx_disable</a> from uart_acts.o(.text.uart_acts_irq_tx_disable) referenced from uart_acts.o(.rodata.uart_acts_driver_api)
 <LI><a href="#[102]">uart_acts_irq_tx_enable</a> from uart_acts.o(.text.uart_acts_irq_tx_enable) referenced from uart_acts.o(.rodata.uart_acts_driver_api)
 <LI><a href="#[104]">uart_acts_irq_tx_ready</a> from uart_acts.o(.text.uart_acts_irq_tx_ready) referenced from uart_acts.o(.rodata.uart_acts_driver_api)
 <LI><a href="#[10a]">uart_acts_irq_update</a> from uart_acts.o(.text.uart_acts_irq_update) referenced from uart_acts.o(.rodata.uart_acts_driver_api)
 <LI><a href="#[5c]">uart_acts_isr</a> from uart_acts.o(.text.uart_acts_isr) referenced from uart_acts.o(.text.uart1_acts_irq_config)
 <LI><a href="#[10d]">uart_acts_mfp_disable</a> from uart_acts.o(.text.uart_acts_mfp_disable) referenced from uart_acts.o(.rodata.uart_acts_driver_api)
 <LI><a href="#[10c]">uart_acts_mfp_enable</a> from uart_acts.o(.text.uart_acts_mfp_enable) referenced from uart_acts.o(.rodata.uart_acts_driver_api)
 <LI><a href="#[12f]">uart_acts_pm_control</a> from uart_acts.o(.text.uart_acts_pm_control) referenced 2 times from uart_acts.o(.device_PRE_KERNEL_10)
 <LI><a href="#[fb]">uart_acts_poll_in</a> from uart_acts.o(.text.uart_acts_poll_in) referenced from uart_acts.o(.rodata.uart_acts_driver_api)
 <LI><a href="#[fc]">uart_acts_poll_out</a> from uart_acts.o(.text.uart_acts_poll_out) referenced from uart_acts.o(.rodata.uart_acts_driver_api)
 <LI><a href="#[fe]">uart_acts_set_config</a> from uart_acts.o(.text.uart_acts_set_config) referenced from uart_acts.o(.rodata.uart_acts_driver_api)
 <LI><a href="#[70]">uart_console_init</a> from uart_console.o(.text.uart_console_init) referenced from uart_console.o(.init_PRE_KERNEL_160)
 <LI><a href="#[30]">unpair_remote</a> from hci_core.o(.text.unpair_remote) referenced from hci_core.o(.text.bt_unpair)
 <LI><a href="#[20]">update_ccc</a> from gatt.o(.text.update_ccc) referenced from gatt.o(.text.bt_gatt_encrypt_change)
 <LI><a href="#[10e]">vdma_acts_config</a> from vdma_acts.o(.text.vdma_acts_config) referenced from vdma_acts.o(.rodata.vdma_acts_api)
 <LI><a href="#[114]">vdma_acts_free</a> from vdma_acts.o(.text.vdma_acts_free) referenced from vdma_acts.o(.rodata.vdma_acts_api)
 <LI><a href="#[112]">vdma_acts_get_status</a> from vdma_acts.o(.text.vdma_acts_get_status) referenced from vdma_acts.o(.rodata.vdma_acts_api)
 <LI><a href="#[76]">vdma_acts_init</a> from vdma_acts.o(.text.vdma_acts_init) referenced from vdma_acts.o(.init_POST_KERNEL1)
 <LI><a href="#[60]">vdma_acts_isr</a> from vdma_acts.o(.text.vdma_acts_isr) referenced from vdma_acts.o(.text.vdma_acts_init)
 <LI><a href="#[10f]">vdma_acts_reload</a> from vdma_acts.o(.text.vdma_acts_reload) referenced from vdma_acts.o(.rodata.vdma_acts_api)
 <LI><a href="#[113]">vdma_acts_request</a> from vdma_acts.o(.text.vdma_acts_request) referenced from vdma_acts.o(.rodata.vdma_acts_api)
 <LI><a href="#[110]">vdma_acts_start</a> from vdma_acts.o(.text.vdma_acts_start) referenced from vdma_acts.o(.rodata.vdma_acts_api)
 <LI><a href="#[111]">vdma_acts_stop</a> from vdma_acts.o(.text.vdma_acts_stop) referenced from vdma_acts.o(.rodata.vdma_acts_api)
 <LI><a href="#[47]">work_timeout</a> from work_q.o(.text.work_timeout) referenced from work_q.o(.text.k_delayed_work_submit_to_queue)
 <LI><a href="#[15]">write_cb</a> from att.o(.text.write_cb) referenced from att.o(.text.att_write_rsp)
 <LI><a href="#[4]">z_arm_bus_fault</a> from fault_s.o(.text.__fault) referenced from vector_table.o(.exc_vector_table._vector_table_section)
 <LI><a href="#[7]">z_arm_debug_monitor</a> from fault_s.o(.text.__fault) referenced from vector_table.o(.exc_vector_table._vector_table_section)
 <LI><a href="#[2]">z_arm_hard_fault</a> from fault_s.o(.text.__fault) referenced from vector_table.o(.exc_vector_table._vector_table_section)
 <LI><a href="#[b]">z_arm_int_exit</a> from exc_exit.o(.text._HandlerModeExit) referenced from isr_wrapper.o(.text._isr_wrapper)
 <LI><a href="#[61]">z_arm_irq_priority_set</a> from irq_manage.o(.text.z_arm_irq_priority_set) referenced from vdma_acts.o(.text.vdma_acts_init)
 <LI><a href="#[3]">z_arm_mpu_fault</a> from fault_s.o(.text.__fault) referenced from vector_table.o(.exc_vector_table._vector_table_section)
 <LI><a href="#[1]">z_arm_nmi</a> from nmi.o(.text.z_arm_nmi) referenced from vector_table.o(.exc_vector_table._vector_table_section)
 <LI><a href="#[8]">z_arm_pendsv</a> from swap_helper.o(.text.z_arm_pendsv) referenced from vector_table.o(.exc_vector_table._vector_table_section)
 <LI><a href="#[0]">z_arm_reset</a> from reset.o(.text._reset_section) referenced from vector_table.o(.exc_vector_table._vector_table_section)
 <LI><a href="#[6]">z_arm_svc</a> from swap_helper.o(.text.z_arm_svc) referenced from vector_table.o(.exc_vector_table._vector_table_section)
 <LI><a href="#[5]">z_arm_usage_fault</a> from fault_s.o(.text.__fault) referenced from vector_table.o(.exc_vector_table._vector_table_section)
 <LI><a href="#[130]">z_clock_device_ctrl</a> from acts_timer.o(.text.z_clock_device_ctrl) referenced from sys_clock_init.o(.device_PRE_KERNEL_20)
 <LI><a href="#[72]">z_clock_driver_init</a> from acts_timer.o(.text.z_clock_driver_init) referenced from sys_clock_init.o(.init_PRE_KERNEL_20)
 <LI><a href="#[9]">z_clock_isr</a> from sys_clock_init.o(.text.z_clock_isr) referenced from vector_table.o(.exc_vector_table._vector_table_section)
 <LI><a href="#[132]">z_irq_spurious</a> from irq_manage.o(.text.z_irq_spurious) referenced 32 times from isr_tables.o(.gnu.linkonce.sw_isr_table)
 <LI><a href="#[c]">z_thread_entry</a> from thread_entry.o(.text.z_thread_entry) referenced from thread.o(.text.arch_new_thread)
 <LI><a href="#[53]">z_thread_timeout</a> from sched.o(.text.z_thread_timeout) referenced from thread_1.o(.text.schedule_new_thread)
 <LI><a href="#[53]">z_thread_timeout</a> from sched.o(.text.z_thread_timeout) referenced from sched.o(.text.z_add_thread_timeout)
 <LI><a href="#[49]">z_work_q_main</a> from work_q_1.o(.text.z_work_q_main) referenced from work_q.o(.text.k_work_q_start)
</UL>
<P>
<H3>
Global Symbols
</H3>
<P><STRONG><a name="[13a]"></a>soc_memctrl_cache_invalid</STRONG> (Thumb, 16 bytes, Stack size 0 bytes, soc_memctrl.o(.ramfunc))
<BR><BR>[Called By]<UL><LI><a href="#[134]">&gt;&gt;</a>&nbsp;&nbsp;&nbsp;ramfunc_cpu_enter_deep_sleep
<LI><a href="#[411]">&gt;&gt;</a>&nbsp;&nbsp;&nbsp;soc_memctrl_mapping (via Veneer)
</UL>

<P><STRONG><a name="[139]"></a>soc_memctrl_spicache_init</STRONG> (Thumb, 32 bytes, Stack size 0 bytes, soc_memctrl.o(.ramfunc))
<BR><BR>[Called By]<UL><LI><a href="#[134]">&gt;&gt;</a>&nbsp;&nbsp;&nbsp;ramfunc_cpu_enter_deep_sleep
</UL>

<P><STRONG><a name="[138]"></a>sys_pm_restore_pin_state</STRONG> (Thumb, 28 bytes, Stack size 8 bytes, soc_sleep_cfg.o(.ramfunc))
<BR><BR>[Stack]<UL><LI>Max Depth = 8<LI>Call Chain = sys_pm_restore_pin_state
</UL>
<BR>[Called By]<UL><LI><a href="#[134]">&gt;&gt;</a>&nbsp;&nbsp;&nbsp;ramfunc_cpu_enter_deep_sleep
</UL>

<P><STRONG><a name="[136]"></a>sys_pm_reset_pin_state</STRONG> (Thumb, 24 bytes, Stack size 0 bytes, soc_sleep_cfg.o(.ramfunc))
<BR><BR>[Called By]<UL><LI><a href="#[134]">&gt;&gt;</a>&nbsp;&nbsp;&nbsp;ramfunc_cpu_enter_deep_sleep
</UL>

<P><STRONG><a name="[135]"></a>uart_suspend</STRONG> (Thumb, 16 bytes, Stack size 0 bytes, soc_sleep_cfg.o(.ramfunc))
<BR><BR>[Called By]<UL><LI><a href="#[134]">&gt;&gt;</a>&nbsp;&nbsp;&nbsp;ramfunc_cpu_enter_deep_sleep
</UL>

<P><STRONG><a name="[13c]"></a>uart_resume</STRONG> (Thumb, 36 bytes, Stack size 0 bytes, soc_sleep_cfg.o(.ramfunc))
<BR><BR>[Called By]<UL><LI><a href="#[134]">&gt;&gt;</a>&nbsp;&nbsp;&nbsp;ramfunc_cpu_enter_deep_sleep
</UL>

<P><STRONG><a name="[13d]"></a>spi_flash_reset</STRONG> (Thumb, 10 bytes, Stack size 0 bytes, spi_flash_acts.o(.ramfunc))
<BR><BR>[Called By]<UL><LI><a href="#[116]">&gt;&gt;</a>&nbsp;&nbsp;&nbsp;spi_flash_acts_prepare
</UL>

<P><STRONG><a name="[116]"></a>spi_flash_acts_prepare</STRONG> (Thumb, 12 bytes, Stack size 0 bytes, spi_flash_acts.o(.ramfunc))
<BR><BR>[Calls]<UL><LI><a href="#[13d]">&gt;&gt;</a>&nbsp;&nbsp;&nbsp;spi_flash_reset
</UL>
<BR>[Address Reference Count : 1]<UL><LI> spi_flash_acts.o(.ramfunc)
</UL>
<P><STRONG><a name="[73]"></a>spi_flash_acts_init</STRONG> (Thumb, 144 bytes, Stack size 24 bytes, spi_flash_acts.o(.ramfunc))
<BR><BR>[Stack]<UL><LI>Max Depth = 264<LI>Call Chain = spi_flash_acts_init &rArr; clk_set_rate &rArr; printk &rArr; vprintk &rArr; cbvprintf &rArr; encode_uint &rArr; __aeabi_uldivmod
</UL>
<BR>[Calls]<UL><LI><a href="#[5a]">&gt;&gt;</a>&nbsp;&nbsp;&nbsp;printk (via Veneer)
<LI><a href="#[13f]">&gt;&gt;</a>&nbsp;&nbsp;&nbsp;clk_set_rate (via Veneer)
<LI><a href="#[140]">&gt;&gt;</a>&nbsp;&nbsp;&nbsp;xspi_delay (via Veneer)
<LI><a href="#[13e]">&gt;&gt;</a>&nbsp;&nbsp;&nbsp;xspi_setup_bus_width (via Veneer)
</UL>
<BR>[Address Reference Count : 1]<UL><LI> spi_flash_acts.o(.init_PRE_KERNEL_240)
</UL>
<P><STRONG><a name="[115]"></a>__cpu_resume</STRONG> (Thumb, 0 bytes, Stack size unknown bytes, soc_sleep_1.o(.ramfunc.__cpu_resume))
<BR>[Address Reference Count : 1]<UL><LI> soc_sleep.o(.ramfunc)
</UL>
<P><STRONG><a name="[137]"></a>__cpu_suspend</STRONG> (Thumb, 0 bytes, Stack size unknown bytes, soc_sleep_1.o(.ramfunc.__cpu_suspend))
<BR><BR>[Called By]<UL><LI><a href="#[134]">&gt;&gt;</a>&nbsp;&nbsp;&nbsp;ramfunc_cpu_enter_deep_sleep
</UL>

<P><STRONG><a name="[141]"></a>__aeabi_uldivmod</STRONG> (Thumb, 98 bytes, Stack size 40 bytes, uldiv.o(.text))
<BR><BR>[Stack]<UL><LI>Max Depth = 40<LI>Call Chain = __aeabi_uldivmod
</UL>
<BR>[Calls]<UL><LI><a href="#[142]">&gt;&gt;</a>&nbsp;&nbsp;&nbsp;__aeabi_llsr
<LI><a href="#[143]">&gt;&gt;</a>&nbsp;&nbsp;&nbsp;__aeabi_llsl
</UL>
<BR>[Called By]<UL><LI><a href="#[65]">&gt;&gt;</a>&nbsp;&nbsp;&nbsp;acts_timer_isr
<LI><a href="#[350]">&gt;&gt;</a>&nbsp;&nbsp;&nbsp;encode_uint
</UL>

<P><STRONG><a name="[35c]"></a>__aeabi_memcpy</STRONG> (Thumb, 36 bytes, Stack size 0 bytes, memcpya.o(.text))
<BR><BR>[Called By]<UL><LI><a href="#[355]">&gt;&gt;</a>&nbsp;&nbsp;&nbsp;cgms_record_add
<LI><a href="#[33e]">&gt;&gt;</a>&nbsp;&nbsp;&nbsp;uuid_to_uuid128
</UL>

<P><STRONG><a name="[4b2]"></a>__aeabi_memcpy4</STRONG> (Thumb, 0 bytes, Stack size 0 bytes, memcpya.o(.text), UNUSED)

<P><STRONG><a name="[4b3]"></a>__aeabi_memcpy8</STRONG> (Thumb, 0 bytes, Stack size 0 bytes, memcpya.o(.text), UNUSED)

<P><STRONG><a name="[145]"></a>__aeabi_memset</STRONG> (Thumb, 14 bytes, Stack size 0 bytes, memseta.o(.text), UNUSED)
<BR><BR>[Called By]<UL><LI><a href="#[146]">&gt;&gt;</a>&nbsp;&nbsp;&nbsp;_memset$wrapper
<LI><a href="#[144]">&gt;&gt;</a>&nbsp;&nbsp;&nbsp;__aeabi_memclr
</UL>

<P><STRONG><a name="[4b4]"></a>__aeabi_memset4</STRONG> (Thumb, 0 bytes, Stack size 0 bytes, memseta.o(.text), UNUSED)

<P><STRONG><a name="[4b5]"></a>__aeabi_memset8</STRONG> (Thumb, 0 bytes, Stack size 0 bytes, memseta.o(.text), UNUSED)

<P><STRONG><a name="[144]"></a>__aeabi_memclr</STRONG> (Thumb, 4 bytes, Stack size 0 bytes, memseta.o(.text), UNUSED)
<BR><BR>[Calls]<UL><LI><a href="#[145]">&gt;&gt;</a>&nbsp;&nbsp;&nbsp;__aeabi_memset
</UL>

<P><STRONG><a name="[33f]"></a>__aeabi_memclr4</STRONG> (Thumb, 0 bytes, Stack size 0 bytes, memseta.o(.text))
<BR><BR>[Called By]<UL><LI><a href="#[31]">&gt;&gt;</a>&nbsp;&nbsp;&nbsp;btc_recv_cb
<LI><a href="#[326]">&gt;&gt;</a>&nbsp;&nbsp;&nbsp;compute_and_check_and_send_slave_dhcheck
</UL>

<P><STRONG><a name="[148]"></a>__aeabi_memclr8</STRONG> (Thumb, 0 bytes, Stack size 0 bytes, memseta.o(.text))
<BR><BR>[Called By]<UL><LI><a href="#[259]">&gt;&gt;</a>&nbsp;&nbsp;&nbsp;ble_cgms_init
<LI><a href="#[147]">&gt;&gt;</a>&nbsp;&nbsp;&nbsp;OUTLINED_FUNCTION_0
<LI><a href="#[478]">&gt;&gt;</a>&nbsp;&nbsp;&nbsp;sys_monitor_init
<LI><a href="#[34d]">&gt;&gt;</a>&nbsp;&nbsp;&nbsp;cbvprintf
<LI><a href="#[276]">&gt;&gt;</a>&nbsp;&nbsp;&nbsp;bt_gatt_init
<LI><a href="#[11c]">&gt;&gt;</a>&nbsp;&nbsp;&nbsp;bt_att_connected
<LI><a href="#[2af]">&gt;&gt;</a>&nbsp;&nbsp;&nbsp;bt_l2cap_connected
<LI><a href="#[287]">&gt;&gt;</a>&nbsp;&nbsp;&nbsp;bt_conn_add_le
<LI><a href="#[9b]">&gt;&gt;</a>&nbsp;&nbsp;&nbsp;bt_smp_connected
<LI><a href="#[1bc]">&gt;&gt;</a>&nbsp;&nbsp;&nbsp;bt_keys_get_addr
<LI><a href="#[88]">&gt;&gt;</a>&nbsp;&nbsp;&nbsp;keys_set
</UL>

<P><STRONG><a name="[146]"></a>_memset$wrapper</STRONG> (Thumb, 18 bytes, Stack size 8 bytes, memseta.o(.text), UNUSED)
<BR><BR>[Calls]<UL><LI><a href="#[145]">&gt;&gt;</a>&nbsp;&nbsp;&nbsp;__aeabi_memset
</UL>

<P><STRONG><a name="[143]"></a>__aeabi_llsl</STRONG> (Thumb, 30 bytes, Stack size 0 bytes, llshl.o(.text))
<BR><BR>[Called By]<UL><LI><a href="#[141]">&gt;&gt;</a>&nbsp;&nbsp;&nbsp;__aeabi_uldivmod
</UL>

<P><STRONG><a name="[4b6]"></a>_ll_shift_l</STRONG> (Thumb, 0 bytes, Stack size 0 bytes, llshl.o(.text), UNUSED)

<P><STRONG><a name="[142]"></a>__aeabi_llsr</STRONG> (Thumb, 32 bytes, Stack size 0 bytes, llushr.o(.text))
<BR><BR>[Called By]<UL><LI><a href="#[141]">&gt;&gt;</a>&nbsp;&nbsp;&nbsp;__aeabi_uldivmod
</UL>

<P><STRONG><a name="[4b7]"></a>_ll_ushift_r</STRONG> (Thumb, 0 bytes, Stack size 0 bytes, llushr.o(.text), UNUSED)

<P><STRONG><a name="[4b8]"></a>z_arm_exc_exit</STRONG> (Thumb, 0 bytes, Stack size unknown bytes, exc_exit.o(.text._HandlerModeExit), UNUSED)

<P><STRONG><a name="[b]"></a>z_arm_int_exit</STRONG> (Thumb, 0 bytes, Stack size unknown bytes, exc_exit.o(.text._HandlerModeExit))
<BR><BR>[Called By]<UL><LI><a href="#[1]">&gt;&gt;</a>&nbsp;&nbsp;&nbsp;z_arm_nmi
</UL>
<BR>[Address Reference Count : 1]<UL><LI> isr_wrapper.o(.text._isr_wrapper)
</UL>
<P><STRONG><a name="[4]"></a>z_arm_bus_fault</STRONG> (Thumb, 0 bytes, Stack size unknown bytes, fault_s.o(.text.__fault))
<BR><BR>[Stack]<UL><LI>Max Depth = 520 + Unknown Stack Size
<LI>Call Chain = z_arm_bus_fault &rArr; z_arm_fault &rArr; z_arm_fatal_error &rArr; z_fatal_error &rArr; k_sys_fatal_error_handler &rArr; unwind_backtrace_print &rArr; OUTLINED_FUNCTION_0 &rArr; unwind_get_byte &rArr; printk &rArr; vprintk &rArr; cbvprintf &rArr; encode_uint &rArr; __aeabi_uldivmod
</UL>
<BR>[Calls]<UL><LI><a href="#[1e7]">&gt;&gt;</a>&nbsp;&nbsp;&nbsp;z_arm_fault
</UL>
<BR>[Address Reference Count : 1]<UL><LI> vector_table.o(.exc_vector_table._vector_table_section)
</UL>
<P><STRONG><a name="[7]"></a>z_arm_debug_monitor</STRONG> (Thumb, 0 bytes, Stack size unknown bytes, fault_s.o(.text.__fault))
<BR>[Address Reference Count : 1]<UL><LI> vector_table.o(.exc_vector_table._vector_table_section)
</UL>
<P><STRONG><a name="[4b9]"></a>z_arm_exc_spurious</STRONG> (Thumb, 0 bytes, Stack size unknown bytes, fault_s.o(.text.__fault), UNUSED)

<P><STRONG><a name="[2]"></a>z_arm_hard_fault</STRONG> (Thumb, 0 bytes, Stack size unknown bytes, fault_s.o(.text.__fault))
<BR>[Address Reference Count : 1]<UL><LI> vector_table.o(.exc_vector_table._vector_table_section)
</UL>
<P><STRONG><a name="[3]"></a>z_arm_mpu_fault</STRONG> (Thumb, 0 bytes, Stack size unknown bytes, fault_s.o(.text.__fault))
<BR>[Address Reference Count : 1]<UL><LI> vector_table.o(.exc_vector_table._vector_table_section)
</UL>
<P><STRONG><a name="[5]"></a>z_arm_usage_fault</STRONG> (Thumb, 0 bytes, Stack size unknown bytes, fault_s.o(.text.__fault))
<BR>[Address Reference Count : 1]<UL><LI> vector_table.o(.exc_vector_table._vector_table_section)
</UL>
<P><STRONG><a name="[491]"></a>__printk_hook_install</STRONG> (Thumb, 8 bytes, Stack size 0 bytes, printk.o(.text.__printk_hook_install))
<BR><BR>[Called By]<UL><LI><a href="#[70]">&gt;&gt;</a>&nbsp;&nbsp;&nbsp;uart_console_init
</UL>

<P><STRONG><a name="[490]"></a>__stdout_hook_install</STRONG> (Thumb, 8 bytes, Stack size 0 bytes, stdout_console.o(.text.__stdout_hook_install))
<BR><BR>[Called By]<UL><LI><a href="#[70]">&gt;&gt;</a>&nbsp;&nbsp;&nbsp;uart_console_init
</UL>

<P><STRONG><a name="[15c]"></a>_copy</STRONG> (Thumb, 24 bytes, Stack size 8 bytes, utils.o(.text._copy))
<BR><BR>[Stack]<UL><LI>Max Depth = 32 + Unknown Stack Size
<LI>Call Chain = _copy &rArr; memcpy
</UL>
<BR>[Calls]<UL><LI><a href="#[2f]">&gt;&gt;</a>&nbsp;&nbsp;&nbsp;memcpy
</UL>
<BR>[Called By]<UL><LI><a href="#[316]">&gt;&gt;</a>&nbsp;&nbsp;&nbsp;tc_hmac_prng_generate
<LI><a href="#[322]">&gt;&gt;</a>&nbsp;&nbsp;&nbsp;tc_cmac_update
<LI><a href="#[16e]">&gt;&gt;</a>&nbsp;&nbsp;&nbsp;OUTLINED_FUNCTION_1
<LI><a href="#[15e]">&gt;&gt;</a>&nbsp;&nbsp;&nbsp;tc_aes_encrypt
<LI><a href="#[15b]">&gt;&gt;</a>&nbsp;&nbsp;&nbsp;OUTLINED_FUNCTION_0
<LI><a href="#[454]">&gt;&gt;</a>&nbsp;&nbsp;&nbsp;shift_rows
</UL>

<P><STRONG><a name="[4b]"></a>_double_byte</STRONG> (Thumb, 16 bytes, Stack size 0 bytes, utils.o(.text._double_byte))
<BR>[Address Reference Count : 1]<UL><LI> aes_encrypt.o(.text.mult_row_column)
</UL>
<P><STRONG><a name="[a]"></a>_isr_wrapper</STRONG> (Thumb, 0 bytes, Stack size unknown bytes, isr_wrapper.o(.text._isr_wrapper))
<BR><BR>[Stack]<UL><LI>Max Depth = 40 + Unknown Stack Size
<LI>Call Chain = _isr_wrapper &rArr; z_pm_save_idle_exit &rArr; pm_system_resume &rArr; pm_state_notify
</UL>
<BR>[Calls]<UL><LI><a href="#[1ec]">&gt;&gt;</a>&nbsp;&nbsp;&nbsp;z_pm_save_idle_exit
<LI><a href="#[1ed]">&gt;&gt;</a>&nbsp;&nbsp;&nbsp;watchdog_isr_feed
</UL>
<BR>[Address Reference Count : 1]<UL><LI> isr_tables.o(.gnu.linkonce.irq_vector_table)
</UL>
<P><STRONG><a name="[3f6]"></a>memcpy32</STRONG> (Thumb, 0 bytes, Stack size unknown bytes, string_1.o(.text._libc_string_section))
<BR><BR>[Called By]<UL><LI><a href="#[2f]">&gt;&gt;</a>&nbsp;&nbsp;&nbsp;memcpy
</UL>

<P><STRONG><a name="[3f7]"></a>memset32</STRONG> (Thumb, 0 bytes, Stack size unknown bytes, string_1.o(.text._libc_string_section))
<BR><BR>[Called By]<UL><LI><a href="#[16]">&gt;&gt;</a>&nbsp;&nbsp;&nbsp;memset
</UL>

<P><STRONG><a name="[133]"></a>__start</STRONG> (Thumb, 0 bytes, Stack size unknown bytes, reset.o(.text._reset_section))
<BR><BR>[Stack]<UL><LI>Max Depth = 504 + Unknown Stack Size
<LI>Call Chain = __start &rArr; z_arm_prep_c &rArr; z_cstart &rArr; prepare_multithreading &rArr; snprintk &rArr; vsnprintk &rArr; cbvprintf &rArr; encode_uint &rArr; __aeabi_uldivmod
</UL>
<BR>[Calls]<UL><LI><a href="#[1f1]">&gt;&gt;</a>&nbsp;&nbsp;&nbsp;z_arm_prep_c
<LI><a href="#[16]">&gt;&gt;</a>&nbsp;&nbsp;&nbsp;memset
</UL>

<P><STRONG><a name="[0]"></a>z_arm_reset</STRONG> (Thumb, 0 bytes, Stack size unknown bytes, reset.o(.text._reset_section))
<BR>[Address Reference Count : 1]<UL><LI> vector_table.o(.exc_vector_table._vector_table_section)
</UL>
<P><STRONG><a name="[1f2]"></a>_set</STRONG> (Thumb, 4 bytes, Stack size 0 bytes, utils.o(.text._set))
<BR><BR>[Stack]<UL><LI>Max Depth = 24 + Unknown Stack Size
<LI>Call Chain = _set &rArr; memset
</UL>
<BR>[Calls]<UL><LI><a href="#[16]">&gt;&gt;</a>&nbsp;&nbsp;&nbsp;memset
</UL>
<BR>[Called By]<UL><LI><a href="#[42a]">&gt;&gt;</a>&nbsp;&nbsp;&nbsp;tc_hmac_prng_init
<LI><a href="#[160]">&gt;&gt;</a>&nbsp;&nbsp;&nbsp;tc_hmac_final
<LI><a href="#[486]">&gt;&gt;</a>&nbsp;&nbsp;&nbsp;tc_sha256_final
<LI><a href="#[487]">&gt;&gt;</a>&nbsp;&nbsp;&nbsp;tc_sha256_init
<LI><a href="#[323]">&gt;&gt;</a>&nbsp;&nbsp;&nbsp;tc_cmac_final
<LI><a href="#[483]">&gt;&gt;</a>&nbsp;&nbsp;&nbsp;tc_cmac_erase
<LI><a href="#[484]">&gt;&gt;</a>&nbsp;&nbsp;&nbsp;tc_cmac_init
<LI><a href="#[321]">&gt;&gt;</a>&nbsp;&nbsp;&nbsp;tc_cmac_setup
<LI><a href="#[15e]">&gt;&gt;</a>&nbsp;&nbsp;&nbsp;tc_aes_encrypt
</UL>

<P><STRONG><a name="[1ff]"></a>_sys_standby_work_handle</STRONG> (Thumb, 180 bytes, Stack size 16 bytes, sys_standby.o(.text._sys_standby_work_handle))
<BR><BR>[Stack]<UL><LI>Max Depth = 480 + Unknown Stack Size
<LI>Call Chain = _sys_standby_work_handle &rArr; _sys_standby_process_hw_s3 &rArr; _sys_standby_s2_to_s1 &rArr; sys_monitor_start &rArr; k_delayed_work_submit &rArr; k_delayed_work_submit_to_queue &rArr; k_work_submit_to_queue &rArr; k_queue_append &rArr; queue_insert &rArr; z_thread_aligned_alloc &rArr; k_heap_aligned_alloc &rArr; sys_heap_dump &rArr; heap_dump &rArr; printk &rArr; vprintk &rArr; cbvprintf &rArr; encode_uint &rArr; __aeabi_uldivmod
</UL>
<BR>[Calls]<UL><LI><a href="#[204]">&gt;&gt;</a>&nbsp;&nbsp;&nbsp;sys_pm_enter_deep_sleep
<LI><a href="#[203]">&gt;&gt;</a>&nbsp;&nbsp;&nbsp;soc_light_sleep
<LI><a href="#[202]">&gt;&gt;</a>&nbsp;&nbsp;&nbsp;sys_pm_enter_light_sleep
<LI><a href="#[201]">&gt;&gt;</a>&nbsp;&nbsp;&nbsp;pm_early_suspend
<LI><a href="#[1fa]">&gt;&gt;</a>&nbsp;&nbsp;&nbsp;_sys_standby_s2_to_s1
<LI><a href="#[1f7]">&gt;&gt;</a>&nbsp;&nbsp;&nbsp;_sys_standby_process_hw_s3
<LI><a href="#[1f4]">&gt;&gt;</a>&nbsp;&nbsp;&nbsp;_sys_standby_check_auto_powerdown
<LI><a href="#[1f5]">&gt;&gt;</a>&nbsp;&nbsp;&nbsp;sys_wakelocks_get_free_time
<LI><a href="#[1f8]">&gt;&gt;</a>&nbsp;&nbsp;&nbsp;sys_wakelocks_check
<LI><a href="#[200]">&gt;&gt;</a>&nbsp;&nbsp;&nbsp;sys_monitor_stop
<LI><a href="#[5a]">&gt;&gt;</a>&nbsp;&nbsp;&nbsp;printk
</UL>
<BR>[Called By]<UL><LI><a href="#[41a]">&gt;&gt;</a>&nbsp;&nbsp;&nbsp;pm_policy_next_state
</UL>

<P><STRONG><a name="[205]"></a>act_bt_le_adv_start</STRONG> (Thumb, 36 bytes, Stack size 24 bytes, bt_le_op.o(.text.act_bt_le_adv_start))
<BR><BR>[Stack]<UL><LI>Max Depth = 952 + Unknown Stack Size
<LI>Call Chain = act_bt_le_adv_start &rArr; bt_le_adv_start &rArr; bt_le_adv_start_legacy &rArr; bt_conn_unref &rArr; bt_le_adv_resume &rArr;  bt_conn_unref (Cycle)
</UL>
<BR>[Calls]<UL><LI><a href="#[207]">&gt;&gt;</a>&nbsp;&nbsp;&nbsp;bt_le_adv_start
<LI><a href="#[206]">&gt;&gt;</a>&nbsp;&nbsp;&nbsp;acts_clock_rc32k_measure_then_calibrate
</UL>
<BR>[Called By]<UL><LI><a href="#[313]">&gt;&gt;</a>&nbsp;&nbsp;&nbsp;start_adv
</UL>

<P><STRONG><a name="[3ab]"></a>acts_clock_get_rc32k_param</STRONG> (Thumb, 8 bytes, Stack size 0 bytes, soc_clock.o(.text.acts_clock_get_rc32k_param))
<BR><BR>[Called By]<UL><LI><a href="#[d3]">&gt;&gt;</a>&nbsp;&nbsp;&nbsp;ipmsg_btc_load
</UL>

<P><STRONG><a name="[208]"></a>acts_clock_lfrc_rc32k_measure</STRONG> (Thumb, 204 bytes, Stack size 56 bytes, soc_clock.o(.text.acts_clock_lfrc_rc32k_measure))
<BR><BR>[Stack]<UL><LI>Max Depth = 288<LI>Call Chain = acts_clock_lfrc_rc32k_measure &rArr; printk &rArr; vprintk &rArr; cbvprintf &rArr; encode_uint &rArr; __aeabi_uldivmod
</UL>
<BR>[Calls]<UL><LI><a href="#[5a]">&gt;&gt;</a>&nbsp;&nbsp;&nbsp;printk
</UL>
<BR>[Called By]<UL><LI><a href="#[210]">&gt;&gt;</a>&nbsp;&nbsp;&nbsp;rc32k_accurate_calibrate
<LI><a href="#[20f]">&gt;&gt;</a>&nbsp;&nbsp;&nbsp;rc32k_coarse_calibrate
<LI><a href="#[212]">&gt;&gt;</a>&nbsp;&nbsp;&nbsp;acts_clock_rc32k_measure_result_high_res
</UL>

<P><STRONG><a name="[209]"></a>acts_clock_peripheral_disable</STRONG> (Thumb, 6 bytes, Stack size 0 bytes, soc_clock.o(.text.acts_clock_peripheral_disable))
<BR><BR>[Calls]<UL><LI><a href="#[20a]">&gt;&gt;</a>&nbsp;&nbsp;&nbsp;acts_clock_peripheral_control
</UL>
<BR>[Called By]<UL><LI><a href="#[38e]">&gt;&gt;</a>&nbsp;&nbsp;&nbsp;se_trng_deinit
<LI><a href="#[12f]">&gt;&gt;</a>&nbsp;&nbsp;&nbsp;uart_acts_pm_control
</UL>

<P><STRONG><a name="[20b]"></a>acts_clock_peripheral_enable</STRONG> (Thumb, 6 bytes, Stack size 0 bytes, soc_clock.o(.text.acts_clock_peripheral_enable))
<BR><BR>[Calls]<UL><LI><a href="#[20a]">&gt;&gt;</a>&nbsp;&nbsp;&nbsp;acts_clock_peripheral_control
</UL>
<BR>[Called By]<UL><LI><a href="#[38c]">&gt;&gt;</a>&nbsp;&nbsp;&nbsp;se_trng_init
<LI><a href="#[76]">&gt;&gt;</a>&nbsp;&nbsp;&nbsp;vdma_acts_init
<LI><a href="#[67]">&gt;&gt;</a>&nbsp;&nbsp;&nbsp;uart_acts_init
<LI><a href="#[12f]">&gt;&gt;</a>&nbsp;&nbsp;&nbsp;uart_acts_pm_control
<LI><a href="#[72]">&gt;&gt;</a>&nbsp;&nbsp;&nbsp;z_clock_driver_init
</UL>

<P><STRONG><a name="[20c]"></a>acts_clock_rc32k_calibrate</STRONG> (Thumb, 188 bytes, Stack size 32 bytes, soc_clock.o(.text.acts_clock_rc32k_calibrate))
<BR><BR>[Stack]<UL><LI>Max Depth = 376<LI>Call Chain = acts_clock_rc32k_calibrate &rArr; rc32k_accurate_calibrate &rArr; acts_clock_lfrc_rc32k_measure &rArr; printk &rArr; vprintk &rArr; cbvprintf &rArr; encode_uint &rArr; __aeabi_uldivmod
</UL>
<BR>[Calls]<UL><LI><a href="#[5a]">&gt;&gt;</a>&nbsp;&nbsp;&nbsp;printk
<LI><a href="#[20d]">&gt;&gt;</a>&nbsp;&nbsp;&nbsp;z_timer_cycle_get_32
<LI><a href="#[210]">&gt;&gt;</a>&nbsp;&nbsp;&nbsp;rc32k_accurate_calibrate
<LI><a href="#[20f]">&gt;&gt;</a>&nbsp;&nbsp;&nbsp;rc32k_coarse_calibrate
<LI><a href="#[211]">&gt;&gt;</a>&nbsp;&nbsp;&nbsp;k_sem_give
<LI><a href="#[20e]">&gt;&gt;</a>&nbsp;&nbsp;&nbsp;k_sem_take
</UL>
<BR>[Called By]<UL><LI><a href="#[206]">&gt;&gt;</a>&nbsp;&nbsp;&nbsp;acts_clock_rc32k_measure_then_calibrate
<LI><a href="#[3a1]">&gt;&gt;</a>&nbsp;&nbsp;&nbsp;rc32k_acts_calib_event
<LI><a href="#[75]">&gt;&gt;</a>&nbsp;&nbsp;&nbsp;soc_clock_init_later
</UL>

<P><STRONG><a name="[212]"></a>acts_clock_rc32k_measure_result_high_res</STRONG> (Thumb, 28 bytes, Stack size 8 bytes, soc_clock.o(.text.acts_clock_rc32k_measure_result_high_res))
<BR><BR>[Stack]<UL><LI>Max Depth = 296<LI>Call Chain = acts_clock_rc32k_measure_result_high_res &rArr; acts_clock_lfrc_rc32k_measure &rArr; printk &rArr; vprintk &rArr; cbvprintf &rArr; encode_uint &rArr; __aeabi_uldivmod
</UL>
<BR>[Calls]<UL><LI><a href="#[208]">&gt;&gt;</a>&nbsp;&nbsp;&nbsp;acts_clock_lfrc_rc32k_measure
<LI><a href="#[211]">&gt;&gt;</a>&nbsp;&nbsp;&nbsp;k_sem_give
<LI><a href="#[20e]">&gt;&gt;</a>&nbsp;&nbsp;&nbsp;k_sem_take
</UL>
<BR>[Called By]<UL><LI><a href="#[206]">&gt;&gt;</a>&nbsp;&nbsp;&nbsp;acts_clock_rc32k_measure_then_calibrate
</UL>

<P><STRONG><a name="[206]"></a>acts_clock_rc32k_measure_then_calibrate</STRONG> (Thumb, 40 bytes, Stack size 8 bytes, soc_clock.o(.text.acts_clock_rc32k_measure_then_calibrate))
<BR><BR>[Stack]<UL><LI>Max Depth = 384<LI>Call Chain = acts_clock_rc32k_measure_then_calibrate &rArr; acts_clock_rc32k_calibrate &rArr; rc32k_accurate_calibrate &rArr; acts_clock_lfrc_rc32k_measure &rArr; printk &rArr; vprintk &rArr; cbvprintf &rArr; encode_uint &rArr; __aeabi_uldivmod
</UL>
<BR>[Calls]<UL><LI><a href="#[5a]">&gt;&gt;</a>&nbsp;&nbsp;&nbsp;printk
<LI><a href="#[20c]">&gt;&gt;</a>&nbsp;&nbsp;&nbsp;acts_clock_rc32k_calibrate
<LI><a href="#[212]">&gt;&gt;</a>&nbsp;&nbsp;&nbsp;acts_clock_rc32k_measure_result_high_res
</UL>
<BR>[Called By]<UL><LI><a href="#[205]">&gt;&gt;</a>&nbsp;&nbsp;&nbsp;act_bt_le_adv_start
</UL>

<P><STRONG><a name="[463]"></a>acts_clock_rc64m_calibrate</STRONG> (Thumb, 36 bytes, Stack size 0 bytes, soc_clock.o(.text.acts_clock_rc64m_calibrate))
<BR><BR>[Called By]<UL><LI><a href="#[6b]">&gt;&gt;</a>&nbsp;&nbsp;&nbsp;soc_clock_init
</UL>

<P><STRONG><a name="[213]"></a>acts_deep_sleep_clock_peripheral</STRONG> (Thumb, 60 bytes, Stack size 16 bytes, soc_clock.o(.text.acts_deep_sleep_clock_peripheral))
<BR><BR>[Stack]<UL><LI>Max Depth = 248<LI>Call Chain = acts_deep_sleep_clock_peripheral &rArr; printk &rArr; vprintk &rArr; cbvprintf &rArr; encode_uint &rArr; __aeabi_uldivmod
</UL>
<BR>[Calls]<UL><LI><a href="#[5a]">&gt;&gt;</a>&nbsp;&nbsp;&nbsp;printk
</UL>
<BR>[Called By]<UL><LI><a href="#[465]">&gt;&gt;</a>&nbsp;&nbsp;&nbsp;soc_cmu_deep_sleep
</UL>

<P><STRONG><a name="[217]"></a>acts_pinmux_set</STRONG> (Thumb, 60 bytes, Stack size 16 bytes, soc_pinmux.o(.text.acts_pinmux_set))
<BR><BR>[Stack]<UL><LI>Max Depth = 16<LI>Call Chain = acts_pinmux_set
</UL>
<BR>[Called By]<UL><LI><a href="#[216]">&gt;&gt;</a>&nbsp;&nbsp;&nbsp;acts_pinmux_setup_pins
<LI><a href="#[48f]">&gt;&gt;</a>&nbsp;&nbsp;&nbsp;uart_acts_pinmux_setup_pins
</UL>

<P><STRONG><a name="[216]"></a>acts_pinmux_setup_pins</STRONG> (Thumb, 32 bytes, Stack size 16 bytes, soc_pinmux.o(.text.acts_pinmux_setup_pins))
<BR><BR>[Stack]<UL><LI>Max Depth = 32<LI>Call Chain = acts_pinmux_setup_pins &rArr; acts_pinmux_set
</UL>
<BR>[Calls]<UL><LI><a href="#[217]">&gt;&gt;</a>&nbsp;&nbsp;&nbsp;acts_pinmux_set
</UL>
<BR>[Called By]<UL><LI><a href="#[67]">&gt;&gt;</a>&nbsp;&nbsp;&nbsp;uart_acts_init
<LI><a href="#[12f]">&gt;&gt;</a>&nbsp;&nbsp;&nbsp;uart_acts_pm_control
</UL>

<P><STRONG><a name="[218]"></a>acts_reset_peripheral</STRONG> (Thumb, 18 bytes, Stack size 8 bytes, soc_reset.o(.text.acts_reset_peripheral))
<BR><BR>[Stack]<UL><LI>Max Depth = 8<LI>Call Chain = acts_reset_peripheral
</UL>
<BR>[Calls]<UL><LI><a href="#[21a]">&gt;&gt;</a>&nbsp;&nbsp;&nbsp;acts_reset_peripheral_deassert
<LI><a href="#[219]">&gt;&gt;</a>&nbsp;&nbsp;&nbsp;acts_reset_peripheral_assert
</UL>
<BR>[Called By]<UL><LI><a href="#[38c]">&gt;&gt;</a>&nbsp;&nbsp;&nbsp;se_trng_init
<LI><a href="#[76]">&gt;&gt;</a>&nbsp;&nbsp;&nbsp;vdma_acts_init
<LI><a href="#[72]">&gt;&gt;</a>&nbsp;&nbsp;&nbsp;z_clock_driver_init
<LI><a href="#[d4]">&gt;&gt;</a>&nbsp;&nbsp;&nbsp;ipmsg_btc_start
<LI><a href="#[d3]">&gt;&gt;</a>&nbsp;&nbsp;&nbsp;ipmsg_btc_load
</UL>

<P><STRONG><a name="[219]"></a>acts_reset_peripheral_assert</STRONG> (Thumb, 6 bytes, Stack size 0 bytes, soc_reset.o(.text.acts_reset_peripheral_assert))
<BR><BR>[Called By]<UL><LI><a href="#[218]">&gt;&gt;</a>&nbsp;&nbsp;&nbsp;acts_reset_peripheral
<LI><a href="#[12f]">&gt;&gt;</a>&nbsp;&nbsp;&nbsp;uart_acts_pm_control
<LI><a href="#[d5]">&gt;&gt;</a>&nbsp;&nbsp;&nbsp;ipmsg_btc_stop
</UL>

<P><STRONG><a name="[21a]"></a>acts_reset_peripheral_deassert</STRONG> (Thumb, 6 bytes, Stack size 0 bytes, soc_reset.o(.text.acts_reset_peripheral_deassert))
<BR><BR>[Calls]<UL><LI><a href="#[21b]">&gt;&gt;</a>&nbsp;&nbsp;&nbsp;acts_reset_peripheral_control
</UL>
<BR>[Called By]<UL><LI><a href="#[218]">&gt;&gt;</a>&nbsp;&nbsp;&nbsp;acts_reset_peripheral
<LI><a href="#[67]">&gt;&gt;</a>&nbsp;&nbsp;&nbsp;uart_acts_init
<LI><a href="#[12f]">&gt;&gt;</a>&nbsp;&nbsp;&nbsp;uart_acts_pm_control
</UL>

<P><STRONG><a name="[21d]"></a>acts_rtc_setup_rc32k_step_msk</STRONG> (Thumb, 16 bytes, Stack size 0 bytes, soc_clock.o(.text.acts_rtc_setup_rc32k_step_msk))
<BR><BR>[Called By]<UL><LI><a href="#[21c]">&gt;&gt;</a>&nbsp;&nbsp;&nbsp;acts_rtc_setup
</UL>

<P><STRONG><a name="[65]"></a>acts_timer_isr</STRONG> (Thumb, 112 bytes, Stack size 24 bytes, acts_timer.o(.text.acts_timer_isr))
<BR><BR>[Stack]<UL><LI>Max Depth = 176<LI>Call Chain = acts_timer_isr &rArr; z_clock_announce &rArr; z_time_slice &rArr; move_thread_to_end_of_prio_q &rArr; update_cache &rArr; z_reset_time_slice &rArr; z_set_timeout_expiry &rArr; next_timeout &rArr; elapsed &rArr; z_clock_elapsed
</UL>
<BR>[Calls]<UL><LI><a href="#[21e]">&gt;&gt;</a>&nbsp;&nbsp;&nbsp;z_clock_announce
<LI><a href="#[141]">&gt;&gt;</a>&nbsp;&nbsp;&nbsp;__aeabi_uldivmod
</UL>
<BR>[Address Reference Count : 1]<UL><LI> acts_timer.o(.text.z_clock_driver_init)
</UL>
<P><STRONG><a name="[22b]"></a>adv_timeout_start</STRONG> (Thumb, 16 bytes, Stack size 0 bytes, bt_le_op.o(.text.adv_timeout_start))
<BR><BR>[Stack]<UL><LI>Max Depth = 440<LI>Call Chain = adv_timeout_start &rArr; k_delayed_work_submit_to_queue &rArr; k_work_submit_to_queue &rArr; k_queue_append &rArr; queue_insert &rArr; z_thread_aligned_alloc &rArr; k_heap_aligned_alloc &rArr; sys_heap_dump &rArr; heap_dump &rArr; printk &rArr; vprintk &rArr; cbvprintf &rArr; encode_uint &rArr; __aeabi_uldivmod
</UL>
<BR>[Calls]<UL><LI><a href="#[22c]">&gt;&gt;</a>&nbsp;&nbsp;&nbsp;k_delayed_work_submit_to_queue
</UL>
<BR>[Called By]<UL><LI><a href="#[313]">&gt;&gt;</a>&nbsp;&nbsp;&nbsp;start_adv
</UL>

<P><STRONG><a name="[22d]"></a>adv_timeout_stop</STRONG> (Thumb, 8 bytes, Stack size 0 bytes, bt_le_op.o(.text.adv_timeout_stop))
<BR><BR>[Stack]<UL><LI>Max Depth = 48<LI>Call Chain = adv_timeout_stop &rArr; k_delayed_work_cancel &rArr; work_cancel &rArr; z_abort_timeout &rArr; remove_timeout
</UL>
<BR>[Calls]<UL><LI><a href="#[22e]">&gt;&gt;</a>&nbsp;&nbsp;&nbsp;k_delayed_work_cancel
</UL>
<BR>[Called By]<UL><LI><a href="#[36a]">&gt;&gt;</a>&nbsp;&nbsp;&nbsp;stop_adv
</UL>

<P><STRONG><a name="[236]"></a>app_to_msg</STRONG> (Thumb, 26 bytes, Stack size 24 bytes, bt_le_op.o(.text.app_to_msg))
<BR><BR>[Stack]<UL><LI>Max Depth = 272 + Unknown Stack Size
<LI>Call Chain = app_to_msg &rArr; send_msg &rArr; printk &rArr; vprintk &rArr; cbvprintf &rArr; encode_uint &rArr; __aeabi_uldivmod
</UL>
<BR>[Calls]<UL><LI><a href="#[237]">&gt;&gt;</a>&nbsp;&nbsp;&nbsp;send_msg
</UL>
<BR>[Called By]<UL><LI><a href="#[127]">&gt;&gt;</a>&nbsp;&nbsp;&nbsp;connected
</UL>

<P><STRONG><a name="[3a5]"></a>arch_cpu_idle</STRONG> (Thumb, 0 bytes, Stack size unknown bytes, cpu_idle.o(.text.arch_cpu_idle))
<BR><BR>[Called By]<UL><LI><a href="#[4e]">&gt;&gt;</a>&nbsp;&nbsp;&nbsp;idle
</UL>

<P><STRONG><a name="[3ae]"></a>arch_irq_clear_pending</STRONG> (Thumb, 28 bytes, Stack size 0 bytes, irq_manage.o(.text.arch_irq_clear_pending))
<BR><BR>[Called By]<UL><LI><a href="#[db]">&gt;&gt;</a>&nbsp;&nbsp;&nbsp;lpcmp_acts_irq_config
<LI><a href="#[d5]">&gt;&gt;</a>&nbsp;&nbsp;&nbsp;ipmsg_btc_stop
</UL>

<P><STRONG><a name="[3ad]"></a>arch_irq_disable</STRONG> (Thumb, 36 bytes, Stack size 0 bytes, irq_manage.o(.text.arch_irq_disable))
<BR><BR>[Called By]<UL><LI><a href="#[d5]">&gt;&gt;</a>&nbsp;&nbsp;&nbsp;ipmsg_btc_stop
</UL>

<P><STRONG><a name="[62]"></a>arch_irq_enable</STRONG> (Thumb, 28 bytes, Stack size 0 bytes, irq_manage.o(.text.arch_irq_enable))
<BR><BR>[Called By]<UL><LI><a href="#[db]">&gt;&gt;</a>&nbsp;&nbsp;&nbsp;lpcmp_acts_irq_config
<LI><a href="#[7b]">&gt;&gt;</a>&nbsp;&nbsp;&nbsp;gpio_acts_init
<LI><a href="#[fa]">&gt;&gt;</a>&nbsp;&nbsp;&nbsp;uart1_acts_irq_config
<LI><a href="#[f9]">&gt;&gt;</a>&nbsp;&nbsp;&nbsp;uart0_acts_irq_config
<LI><a href="#[72]">&gt;&gt;</a>&nbsp;&nbsp;&nbsp;z_clock_driver_init
<LI><a href="#[d4]">&gt;&gt;</a>&nbsp;&nbsp;&nbsp;ipmsg_btc_start
</UL>
<BR>[Address Reference Count : 1]<UL><LI> vdma_acts.o(.text.vdma_acts_init)
</UL>
<P><STRONG><a name="[4ba]"></a>arch_irq_is_enabled</STRONG> (Thumb, 24 bytes, Stack size 0 bytes, irq_manage.o(.text.arch_irq_is_enabled), UNUSED)

<P><STRONG><a name="[4b0]"></a>arch_new_thread</STRONG> (Thumb, 40 bytes, Stack size 0 bytes, thread.o(.text.arch_new_thread))
<BR><BR>[Called By]<UL><LI><a href="#[428]">&gt;&gt;</a>&nbsp;&nbsp;&nbsp;z_setup_new_thread
</UL>

<P><STRONG><a name="[11a]"></a>arch_printk_char_out</STRONG> (Thumb, 24 bytes, Stack size 8 bytes, board.o(.text.arch_printk_char_out))
<BR><BR>[Stack]<UL><LI>Max Depth = 8<LI>Call Chain = arch_printk_char_out
</UL>
<BR>[Calls]<UL><LI><a href="#[238]">&gt;&gt;</a>&nbsp;&nbsp;&nbsp;uart_poll_out_ch
</UL>
<BR>[Address Reference Count : 1]<UL><LI> printk.o(.data._char_out)
</UL>
<P><STRONG><a name="[4ac]"></a>arch_swap</STRONG> (Thumb, 40 bytes, Stack size 0 bytes, swap.o(.text.arch_swap))
<BR><BR>[Called By]<UL><LI><a href="#[39e]">&gt;&gt;</a>&nbsp;&nbsp;&nbsp;z_reschedule_irqlock
<LI><a href="#[4af]">&gt;&gt;</a>&nbsp;&nbsp;&nbsp;z_swap_irqlock
<LI><a href="#[395]">&gt;&gt;</a>&nbsp;&nbsp;&nbsp;z_impl_k_yield
<LI><a href="#[3c4]">&gt;&gt;</a>&nbsp;&nbsp;&nbsp;z_reschedule
<LI><a href="#[3c0]">&gt;&gt;</a>&nbsp;&nbsp;&nbsp;z_pend_curr
</UL>

<P><STRONG><a name="[239]"></a>arch_switch_to_main_thread</STRONG> (Thumb, 32 bytes, Stack size 0 bytes, thread.o(.text.arch_switch_to_main_thread))
<BR><BR>[Stack]<UL><LI>Max Depth = 160<LI>Call Chain = arch_switch_to_main_thread &rArr; z_thread_entry &rArr; k_thread_abort &rArr; z_impl_k_thread_abort &rArr; z_thread_single_abort &rArr; ready_thread &rArr; update_cache &rArr; z_reset_time_slice &rArr; z_set_timeout_expiry &rArr; next_timeout &rArr; elapsed &rArr; z_clock_elapsed
</UL>
<BR>[Calls]<UL><LI><a href="#[c]">&gt;&gt;</a>&nbsp;&nbsp;&nbsp;z_thread_entry
</UL>
<BR>[Called By]<UL><LI><a href="#[476]">&gt;&gt;</a>&nbsp;&nbsp;&nbsp;switch_to_main_thread
</UL>

<P><STRONG><a name="[13b]"></a>arm_core_mpu_init</STRONG> (Thumb, 72 bytes, Stack size 8 bytes, arm_mpu.o(.text.arm_core_mpu_init))
<BR><BR>[Stack]<UL><LI>Max Depth = 8<LI>Call Chain = arm_core_mpu_init
</UL>
<BR>[Called By]<UL><LI><a href="#[78]">&gt;&gt;</a>&nbsp;&nbsp;&nbsp;arm_mpu_init
<LI><a href="#[134]">&gt;&gt;</a>&nbsp;&nbsp;&nbsp;ramfunc_cpu_enter_deep_sleep (via Veneer)
</UL>

<P><STRONG><a name="[78]"></a>arm_mpu_init</STRONG> (Thumb, 24 bytes, Stack size 8 bytes, arm_mpu.o(.text.arm_mpu_init))
<BR><BR>[Stack]<UL><LI>Max Depth = 240<LI>Call Chain = arm_mpu_init &rArr; printk &rArr; vprintk &rArr; cbvprintf &rArr; encode_uint &rArr; __aeabi_uldivmod
</UL>
<BR>[Calls]<UL><LI><a href="#[13b]">&gt;&gt;</a>&nbsp;&nbsp;&nbsp;arm_core_mpu_init
<LI><a href="#[5a]">&gt;&gt;</a>&nbsp;&nbsp;&nbsp;printk
</UL>
<BR>[Address Reference Count : 1]<UL><LI> arm_mpu.o(.init_POST_KERNEL40)
</UL>
<P><STRONG><a name="[3b]"></a>att_sent</STRONG> (Thumb, 12 bytes, Stack size 0 bytes, att.o(.text.att_sent))
<BR><BR>[Calls]<UL><LI><a href="#[23a]">&gt;&gt;</a>&nbsp;&nbsp;&nbsp;OUTLINED_FUNCTION_10
</UL>
<BR>[Address Reference Count : 1]<UL><LI> att.o(.text.chan_send)
</UL>
<P><STRONG><a name="[36c]"></a>ble_cgms_connected</STRONG> (Thumb, 8 bytes, Stack size 0 bytes, ble_super_service.o(.text.ble_cgms_connected))
<BR><BR>[Called By]<UL><LI><a href="#[127]">&gt;&gt;</a>&nbsp;&nbsp;&nbsp;connected
</UL>

<P><STRONG><a name="[255]"></a>ble_cgms_disconnected</STRONG> (Thumb, 44 bytes, Stack size 8 bytes, ble_super_service.o(.text.ble_cgms_disconnected))
<BR><BR>[Stack]<UL><LI>Max Depth = 448 + Unknown Stack Size
<LI>Call Chain = ble_cgms_disconnected &rArr; cgms_schedule_glucose_work &rArr; k_delayed_work_submit_to_queue &rArr; k_work_submit_to_queue &rArr; k_queue_append &rArr; queue_insert &rArr; z_thread_aligned_alloc &rArr; k_heap_aligned_alloc &rArr; sys_heap_dump &rArr; heap_dump &rArr; printk &rArr; vprintk &rArr; cbvprintf &rArr; encode_uint &rArr; __aeabi_uldivmod
</UL>
<BR>[Calls]<UL><LI><a href="#[257]">&gt;&gt;</a>&nbsp;&nbsp;&nbsp;cgms_cancel_glucose_work
<LI><a href="#[258]">&gt;&gt;</a>&nbsp;&nbsp;&nbsp;cgms_schedule_glucose_work
<LI><a href="#[256]">&gt;&gt;</a>&nbsp;&nbsp;&nbsp;cgms_racp_reset_state
</UL>
<BR>[Called By]<UL><LI><a href="#[128]">&gt;&gt;</a>&nbsp;&nbsp;&nbsp;disconnected
</UL>

<P><STRONG><a name="[259]"></a>ble_cgms_init</STRONG> (Thumb, 88 bytes, Stack size 16 bytes, ble_super_service.o(.text.ble_cgms_init))
<BR><BR>[Stack]<UL><LI>Max Depth = 40 + Unknown Stack Size
<LI>Call Chain = ble_cgms_init &rArr; cgms_racp_reset_state &rArr; memset
</UL>
<BR>[Calls]<UL><LI><a href="#[256]">&gt;&gt;</a>&nbsp;&nbsp;&nbsp;cgms_racp_reset_state
[...]
<BR><BR>[Stack]<UL><LI>Max Depth = 672 + Unknown Stack Size
<LI>Call Chain = smp_pairing_req &rArr; smp_init &rArr; bt_rand &rArr; prng_reseed &rArr; tc_hmac_prng_reseed &rArr; update &rArr; OUTLINED_FUNCTION_1 &rArr; tc_hmac_set_key &rArr; tc_sha256_final &rArr; compress
</UL>
<BR>[Calls]<UL><LI><a href="#[2f]">&gt;&gt;</a>&nbsp;&nbsp;&nbsp;memcpy
<LI><a href="#[1ce]">&gt;&gt;</a>&nbsp;&nbsp;&nbsp;bt_rand
<LI><a href="#[266]">&gt;&gt;</a>&nbsp;&nbsp;&nbsp;bt_keys_find_addr
<LI><a href="#[460]">&gt;&gt;</a>&nbsp;&nbsp;&nbsp;OUTLINED_FUNCTION_20
<LI><a href="#[32d]">&gt;&gt;</a>&nbsp;&nbsp;&nbsp;OUTLINED_FUNCTION_4
<LI><a href="#[32c]">&gt;&gt;</a>&nbsp;&nbsp;&nbsp;OUTLINED_FUNCTION_11
<LI><a href="#[33a]">&gt;&gt;</a>&nbsp;&nbsp;&nbsp;get_auth
<LI><a href="#[339]">&gt;&gt;</a>&nbsp;&nbsp;&nbsp;smp_init
<LI><a href="#[338]">&gt;&gt;</a>&nbsp;&nbsp;&nbsp;get_io_capa
<LI><a href="#[1af]">&gt;&gt;</a>&nbsp;&nbsp;&nbsp;send_pairing_rsp
<LI><a href="#[1ae]">&gt;&gt;</a>&nbsp;&nbsp;&nbsp;OUTLINED_FUNCTION_29
<LI><a href="#[32b]">&gt;&gt;</a>&nbsp;&nbsp;&nbsp;OUTLINED_FUNCTION_19
<LI><a href="#[1b8]">&gt;&gt;</a>&nbsp;&nbsp;&nbsp;OUTLINED_FUNCTION_3
<LI><a href="#[33b]">&gt;&gt;</a>&nbsp;&nbsp;&nbsp;OUTLINED_FUNCTION_1
<LI><a href="#[190]">&gt;&gt;</a>&nbsp;&nbsp;&nbsp;OUTLINED_FUNCTION_17
<LI><a href="#[336]">&gt;&gt;</a>&nbsp;&nbsp;&nbsp;OUTLINED_FUNCTION_2
<LI><a href="#[1bc]">&gt;&gt;</a>&nbsp;&nbsp;&nbsp;bt_keys_get_addr
</UL>
<BR>[Address Reference Count : 1]<UL><LI> smp_1.o(.rodata.handlers)
</UL>
<P><STRONG><a name="[460]"></a>OUTLINED_FUNCTION_20</STRONG> (Thumb, 16 bytes, Stack size 0 bytes, smp_1.o(.text.OUTLINED_FUNCTION_20))
<BR><BR>[Called By]<UL><LI><a href="#[c5]">&gt;&gt;</a>&nbsp;&nbsp;&nbsp;smp_pairing_req
</UL>

<P><STRONG><a name="[c6]"></a>smp_pairing_rsp</STRONG> (Thumb, 4 bytes, Stack size 0 bytes, smp_1.o(.text.smp_pairing_rsp))
<BR>[Address Reference Count : 1]<UL><LI> smp_1.o(.rodata.handlers)
</UL>
<P><STRONG><a name="[c7]"></a>smp_pairing_confirm</STRONG> (Thumb, 152 bytes, Stack size 16 bytes, smp_1.o(.text.smp_pairing_confirm))
<BR><BR>[Stack]<UL><LI>Max Depth = 600 + Unknown Stack Size
<LI>Call Chain = smp_pairing_confirm &rArr; smp_send_pairing_confirm &rArr; smp_f4 &rArr; bt_smp_aes_cmac &rArr; tc_cmac_update &rArr; OUTLINED_FUNCTION_0 &rArr; tc_aes_encrypt &rArr; shift_rows &rArr; _copy &rArr; memcpy
</UL>
<BR>[Calls]<UL><LI><a href="#[1ab]">&gt;&gt;</a>&nbsp;&nbsp;&nbsp;OUTLINED_FUNCTION_28
<LI><a href="#[32d]">&gt;&gt;</a>&nbsp;&nbsp;&nbsp;OUTLINED_FUNCTION_4
<LI><a href="#[3ea]">&gt;&gt;</a>&nbsp;&nbsp;&nbsp;legacy_pairing_confirm
<LI><a href="#[1b8]">&gt;&gt;</a>&nbsp;&nbsp;&nbsp;OUTLINED_FUNCTION_3
<LI><a href="#[1c3]">&gt;&gt;</a>&nbsp;&nbsp;&nbsp;smp_send_pairing_confirm
<LI><a href="#[3eb]">&gt;&gt;</a>&nbsp;&nbsp;&nbsp;OUTLINED_FUNCTION_0
<LI><a href="#[33b]">&gt;&gt;</a>&nbsp;&nbsp;&nbsp;OUTLINED_FUNCTION_1
<LI><a href="#[325]">&gt;&gt;</a>&nbsp;&nbsp;&nbsp;OUTLINED_FUNCTION_5
</UL>
<BR>[Address Reference Count : 1]<UL><LI> smp_1.o(.rodata.handlers)
</UL>
<P><STRONG><a name="[1ab]"></a>OUTLINED_FUNCTION_28</STRONG> (Thumb, 8 bytes, Stack size 0 bytes, smp_1.o(.text.OUTLINED_FUNCTION_28))
<BR><BR>[Stack]<UL><LI>Max Depth = 24 + Unknown Stack Size
<LI>Call Chain = OUTLINED_FUNCTION_28 &rArr; memcpy
</UL>
<BR>[Calls]<UL><LI><a href="#[2f]">&gt;&gt;</a>&nbsp;&nbsp;&nbsp;memcpy
</UL>
<BR>[Called By]<UL><LI><a href="#[56]">&gt;&gt;</a>&nbsp;&nbsp;&nbsp;bt_smp_dhkey_ready
<LI><a href="#[d1]">&gt;&gt;</a>&nbsp;&nbsp;&nbsp;smp_dhkey_check
<LI><a href="#[c7]">&gt;&gt;</a>&nbsp;&nbsp;&nbsp;smp_pairing_confirm
</UL>

<P><STRONG><a name="[c8]"></a>smp_pairing_random</STRONG> (Thumb, 636 bytes, Stack size 144 bytes, smp_1.o(.text.smp_pairing_random))
<BR><BR>[Stack]<UL><LI>Max Depth = 768 + Unknown Stack Size
<LI>Call Chain = smp_pairing_random &rArr; OUTLINED_FUNCTION_37 &rArr; bt_rand &rArr; prng_reseed &rArr; tc_hmac_prng_reseed &rArr; update &rArr; OUTLINED_FUNCTION_1 &rArr; tc_hmac_set_key &rArr; tc_sha256_final &rArr; compress
</UL>
<BR>[Calls]<UL><LI><a href="#[25d]">&gt;&gt;</a>&nbsp;&nbsp;&nbsp;memcmp
<LI><a href="#[2f]">&gt;&gt;</a>&nbsp;&nbsp;&nbsp;memcpy
<LI><a href="#[1c5]">&gt;&gt;</a>&nbsp;&nbsp;&nbsp;bt_encrypt_le
<LI><a href="#[1cd]">&gt;&gt;</a>&nbsp;&nbsp;&nbsp;OUTLINED_FUNCTION_37
<LI><a href="#[32d]">&gt;&gt;</a>&nbsp;&nbsp;&nbsp;OUTLINED_FUNCTION_4
<LI><a href="#[3ec]">&gt;&gt;</a>&nbsp;&nbsp;&nbsp;smp_c1
<LI><a href="#[189]">&gt;&gt;</a>&nbsp;&nbsp;&nbsp;OUTLINED_FUNCTION_15
<LI><a href="#[45f]">&gt;&gt;</a>&nbsp;&nbsp;&nbsp;OUTLINED_FUNCTION_7
<LI><a href="#[182]">&gt;&gt;</a>&nbsp;&nbsp;&nbsp;OUTLINED_FUNCTION_13
<LI><a href="#[320]">&gt;&gt;</a>&nbsp;&nbsp;&nbsp;bt_smp_aes_cmac
<LI><a href="#[45b]">&gt;&gt;</a>&nbsp;&nbsp;&nbsp;smp_f4
<LI><a href="#[1b8]">&gt;&gt;</a>&nbsp;&nbsp;&nbsp;OUTLINED_FUNCTION_3
<LI><a href="#[33b]">&gt;&gt;</a>&nbsp;&nbsp;&nbsp;OUTLINED_FUNCTION_1
<LI><a href="#[45e]">&gt;&gt;</a>&nbsp;&nbsp;&nbsp;OUTLINED_FUNCTION_12
<LI><a href="#[190]">&gt;&gt;</a>&nbsp;&nbsp;&nbsp;OUTLINED_FUNCTION_17
<LI><a href="#[337]">&gt;&gt;</a>&nbsp;&nbsp;&nbsp;OUTLINED_FUNCTION_22
<LI><a href="#[336]">&gt;&gt;</a>&nbsp;&nbsp;&nbsp;OUTLINED_FUNCTION_2
</UL>
<BR>[Address Reference Count : 1]<UL><LI> smp_1.o(.rodata.handlers)
</UL>
<P><STRONG><a name="[1cd]"></a>OUTLINED_FUNCTION_37</STRONG> (Thumb, 10 bytes, Stack size 0 bytes, smp_1.o(.text.OUTLINED_FUNCTION_37))
<BR><BR>[Stack]<UL><LI>Max Depth = 624 + Unknown Stack Size
<LI>Call Chain = OUTLINED_FUNCTION_37 &rArr; bt_rand &rArr; prng_reseed &rArr; tc_hmac_prng_reseed &rArr; update &rArr; OUTLINED_FUNCTION_1 &rArr; tc_hmac_set_key &rArr; tc_sha256_final &rArr; compress
</UL>
<BR>[Calls]<UL><LI><a href="#[1ce]">&gt;&gt;</a>&nbsp;&nbsp;&nbsp;bt_rand
</UL>
<BR>[Called By]<UL><LI><a href="#[c8]">&gt;&gt;</a>&nbsp;&nbsp;&nbsp;smp_pairing_random
</UL>

<P><STRONG><a name="[c9]"></a>smp_pairing_failed</STRONG> (Thumb, 104 bytes, Stack size 24 bytes, smp_1.o(.text.smp_pairing_failed))
<BR><BR>[Stack]<UL><LI>Max Depth = 712 + Unknown Stack Size
<LI>Call Chain = smp_pairing_failed &rArr; smp_pairing_complete &rArr; bt_smp_start_security &rArr; smp_init &rArr; bt_rand &rArr; prng_reseed &rArr; tc_hmac_prng_reseed &rArr; update &rArr; OUTLINED_FUNCTION_1 &rArr; tc_hmac_set_key &rArr; tc_sha256_final &rArr; compress
</UL>
<BR>[Calls]<UL><LI><a href="#[5a]">&gt;&gt;</a>&nbsp;&nbsp;&nbsp;printk
<LI><a href="#[1c9]">&gt;&gt;</a>&nbsp;&nbsp;&nbsp;smp_pairing_complete
</UL>
<BR>[Address Reference Count : 1]<UL><LI> smp_1.o(.rodata.handlers)
</UL>
<P><STRONG><a name="[ca]"></a>smp_encrypt_info</STRONG> (Thumb, 64 bytes, Stack size 16 bytes, smp_1.o(.text.smp_encrypt_info))
<BR><BR>[Stack]<UL><LI>Max Depth = 632 + Unknown Stack Size
<LI>Call Chain = smp_encrypt_info &rArr; OUTLINED_FUNCTION_14 &rArr; bt_keys_get_type &rArr; bt_keys_get_addr &rArr; bt_id_del &rArr;  bt_conn_unref (Cycle)
</UL>
<BR>[Calls]<UL><LI><a href="#[45a]">&gt;&gt;</a>&nbsp;&nbsp;&nbsp;OUTLINED_FUNCTION_24
<LI><a href="#[183]">&gt;&gt;</a>&nbsp;&nbsp;&nbsp;OUTLINED_FUNCTION_14
<LI><a href="#[459]">&gt;&gt;</a>&nbsp;&nbsp;&nbsp;OUTLINED_FUNCTION_35
<LI><a href="#[1a3]">&gt;&gt;</a>&nbsp;&nbsp;&nbsp;OUTLINED_FUNCTION_25
<LI><a href="#[182]">&gt;&gt;</a>&nbsp;&nbsp;&nbsp;OUTLINED_FUNCTION_13
<LI><a href="#[1b8]">&gt;&gt;</a>&nbsp;&nbsp;&nbsp;OUTLINED_FUNCTION_3
<LI><a href="#[33b]">&gt;&gt;</a>&nbsp;&nbsp;&nbsp;OUTLINED_FUNCTION_1
<LI><a href="#[336]">&gt;&gt;</a>&nbsp;&nbsp;&nbsp;OUTLINED_FUNCTION_2
</UL>
<BR>[Address Reference Count : 1]<UL><LI> smp_1.o(.rodata.handlers)
</UL>
<P><STRONG><a name="[459]"></a>OUTLINED_FUNCTION_35</STRONG> (Thumb, 14 bytes, Stack size 0 bytes, smp_1.o(.text.OUTLINED_FUNCTION_35))
<BR><BR>[Called By]<UL><LI><a href="#[cc]">&gt;&gt;</a>&nbsp;&nbsp;&nbsp;smp_ident_info
<LI><a href="#[ca]">&gt;&gt;</a>&nbsp;&nbsp;&nbsp;smp_encrypt_info
</UL>

<P><STRONG><a name="[183]"></a>OUTLINED_FUNCTION_14</STRONG> (Thumb, 16 bytes, Stack size 0 bytes, smp_1.o(.text.OUTLINED_FUNCTION_14))
<BR><BR>[Stack]<UL><LI>Max Depth = 616 + Unknown Stack Size
<LI>Call Chain = OUTLINED_FUNCTION_14 &rArr; bt_keys_get_type &rArr; bt_keys_get_addr &rArr; bt_id_del &rArr;  bt_conn_unref (Cycle)
</UL>
<BR>[Calls]<UL><LI><a href="#[184]">&gt;&gt;</a>&nbsp;&nbsp;&nbsp;bt_keys_get_type
</UL>
<BR>[Called By]<UL><LI><a href="#[cb]">&gt;&gt;</a>&nbsp;&nbsp;&nbsp;smp_master_ident
<LI><a href="#[ca]">&gt;&gt;</a>&nbsp;&nbsp;&nbsp;smp_encrypt_info
</UL>

<P><STRONG><a name="[45a]"></a>OUTLINED_FUNCTION_24</STRONG> (Thumb, 8 bytes, Stack size 0 bytes, smp_1.o(.text.OUTLINED_FUNCTION_24))
<BR><BR>[Called By]<UL><LI><a href="#[d0]">&gt;&gt;</a>&nbsp;&nbsp;&nbsp;smp_public_key
<LI><a href="#[cc]">&gt;&gt;</a>&nbsp;&nbsp;&nbsp;smp_ident_info
<LI><a href="#[ca]">&gt;&gt;</a>&nbsp;&nbsp;&nbsp;smp_encrypt_info
</UL>

<P><STRONG><a name="[cb]"></a>smp_master_ident</STRONG> (Thumb, 152 bytes, Stack size 24 bytes, smp_1.o(.text.smp_master_ident))
<BR><BR>[Stack]<UL><LI>Max Depth = 712 + Unknown Stack Size
<LI>Call Chain = smp_master_ident &rArr; OUTLINED_FUNCTION_34 &rArr; smp_pairing_complete &rArr; bt_smp_start_security &rArr; smp_init &rArr; bt_rand &rArr; prng_reseed &rArr; tc_hmac_prng_reseed &rArr; update &rArr; OUTLINED_FUNCTION_1 &rArr; tc_hmac_set_key &rArr; tc_sha256_final &rArr; compress
</UL>
<BR>[Calls]<UL><LI><a href="#[2f]">&gt;&gt;</a>&nbsp;&nbsp;&nbsp;memcpy
<LI><a href="#[1c8]">&gt;&gt;</a>&nbsp;&nbsp;&nbsp;OUTLINED_FUNCTION_34
<LI><a href="#[183]">&gt;&gt;</a>&nbsp;&nbsp;&nbsp;OUTLINED_FUNCTION_14
<LI><a href="#[1a3]">&gt;&gt;</a>&nbsp;&nbsp;&nbsp;OUTLINED_FUNCTION_25
<LI><a href="#[1b8]">&gt;&gt;</a>&nbsp;&nbsp;&nbsp;OUTLINED_FUNCTION_3
<LI><a href="#[32e]">&gt;&gt;</a>&nbsp;&nbsp;&nbsp;OUTLINED_FUNCTION_31
</UL>
<BR>[Address Reference Count : 1]<UL><LI> smp_1.o(.rodata.handlers)
</UL>
<P><STRONG><a name="[1c8]"></a>OUTLINED_FUNCTION_34</STRONG> (Thumb, 10 bytes, Stack size 0 bytes, smp_1.o(.text.OUTLINED_FUNCTION_34))
<BR><BR>[Stack]<UL><LI>Max Depth = 688 + Unknown Stack Size
<LI>Call Chain = OUTLINED_FUNCTION_34 &rArr; smp_pairing_complete &rArr; bt_smp_start_security &rArr; smp_init &rArr; bt_rand &rArr; prng_reseed &rArr; tc_hmac_prng_reseed &rArr; update &rArr; OUTLINED_FUNCTION_1 &rArr; tc_hmac_set_key &rArr; tc_sha256_final &rArr; compress
</UL>
<BR>[Calls]<UL><LI><a href="#[1c9]">&gt;&gt;</a>&nbsp;&nbsp;&nbsp;smp_pairing_complete
</UL>
<BR>[Called By]<UL><LI><a href="#[cd]">&gt;&gt;</a>&nbsp;&nbsp;&nbsp;smp_ident_addr_info
<LI><a href="#[cb]">&gt;&gt;</a>&nbsp;&nbsp;&nbsp;smp_master_ident
</UL>

<P><STRONG><a name="[cc]"></a>smp_ident_info</STRONG> (Thumb, 76 bytes, Stack size 16 bytes, smp_1.o(.text.smp_ident_info))
<BR><BR>[Stack]<UL><LI>Max Depth = 632 + Unknown Stack Size
<LI>Call Chain = smp_ident_info &rArr; bt_keys_get_type &rArr; bt_keys_get_addr &rArr; bt_id_del &rArr;  bt_conn_unref (Cycle)
</UL>
<BR>[Calls]<UL><LI><a href="#[45a]">&gt;&gt;</a>&nbsp;&nbsp;&nbsp;OUTLINED_FUNCTION_24
<LI><a href="#[459]">&gt;&gt;</a>&nbsp;&nbsp;&nbsp;OUTLINED_FUNCTION_35
<LI><a href="#[1a3]">&gt;&gt;</a>&nbsp;&nbsp;&nbsp;OUTLINED_FUNCTION_25
<LI><a href="#[182]">&gt;&gt;</a>&nbsp;&nbsp;&nbsp;OUTLINED_FUNCTION_13
<LI><a href="#[1b8]">&gt;&gt;</a>&nbsp;&nbsp;&nbsp;OUTLINED_FUNCTION_3
<LI><a href="#[33b]">&gt;&gt;</a>&nbsp;&nbsp;&nbsp;OUTLINED_FUNCTION_1
<LI><a href="#[336]">&gt;&gt;</a>&nbsp;&nbsp;&nbsp;OUTLINED_FUNCTION_2
<LI><a href="#[184]">&gt;&gt;</a>&nbsp;&nbsp;&nbsp;bt_keys_get_type
</UL>
<BR>[Address Reference Count : 1]<UL><LI> smp_1.o(.rodata.handlers)
</UL>
<P><STRONG><a name="[cd]"></a>smp_ident_addr_info</STRONG> (Thumb, 248 bytes, Stack size 24 bytes, smp_1.o(.text.smp_ident_addr_info))
<BR><BR>[Stack]<UL><LI>Max Depth = 888 + Unknown Stack Size
<LI>Call Chain = smp_ident_addr_info &rArr; bt_id_add &rArr; bt_conn_unref &rArr; bt_le_adv_resume &rArr;  bt_conn_unref (Cycle)
</UL>
<BR>[Calls]<UL><LI><a href="#[2f]">&gt;&gt;</a>&nbsp;&nbsp;&nbsp;memcpy
<LI><a href="#[1a4]">&gt;&gt;</a>&nbsp;&nbsp;&nbsp;bt_addr_le_str_real
<LI><a href="#[45c]">&gt;&gt;</a>&nbsp;&nbsp;&nbsp;bt_conn_identity_resolved
<LI><a href="#[2e7]">&gt;&gt;</a>&nbsp;&nbsp;&nbsp;bt_id_add
<LI><a href="#[263]">&gt;&gt;</a>&nbsp;&nbsp;&nbsp;bt_addr_le_copy
<LI><a href="#[1c8]">&gt;&gt;</a>&nbsp;&nbsp;&nbsp;OUTLINED_FUNCTION_34
<LI><a href="#[1a3]">&gt;&gt;</a>&nbsp;&nbsp;&nbsp;OUTLINED_FUNCTION_25
<LI><a href="#[1b8]">&gt;&gt;</a>&nbsp;&nbsp;&nbsp;OUTLINED_FUNCTION_3
<LI><a href="#[33b]">&gt;&gt;</a>&nbsp;&nbsp;&nbsp;OUTLINED_FUNCTION_1
<LI><a href="#[336]">&gt;&gt;</a>&nbsp;&nbsp;&nbsp;OUTLINED_FUNCTION_2
<LI><a href="#[184]">&gt;&gt;</a>&nbsp;&nbsp;&nbsp;bt_keys_get_type
</UL>
<BR>[Address Reference Count : 1]<UL><LI> smp_1.o(.rodata.handlers)
</UL>
<P><STRONG><a name="[263]"></a>bt_addr_le_copy</STRONG> (Thumb, 6 bytes, Stack size 0 bytes, smp_1.o(.text.bt_addr_le_copy))
<BR><BR>[Stack]<UL><LI>Max Depth = 24 + Unknown Stack Size
<LI>Call Chain = bt_addr_le_copy &rArr; memcpy
</UL>
<BR>[Calls]<UL><LI><a href="#[2f]">&gt;&gt;</a>&nbsp;&nbsp;&nbsp;memcpy
</UL>
<BR>[Called By]<UL><LI><a href="#[cd]">&gt;&gt;</a>&nbsp;&nbsp;&nbsp;smp_ident_addr_info
</UL>

<P><STRONG><a name="[ce]"></a>smp_signing_info</STRONG> (Thumb, 4 bytes, Stack size 0 bytes, smp_1.o(.text.smp_signing_info))
<BR>[Address Reference Count : 1]<UL><LI> smp_1.o(.rodata.handlers)
</UL>
<P><STRONG><a name="[cf]"></a>smp_security_request</STRONG> (Thumb, 4 bytes, Stack size 0 bytes, smp_1.o(.text.smp_security_request))
<BR>[Address Reference Count : 1]<UL><LI> smp_1.o(.rodata.handlers)
</UL>
<P><STRONG><a name="[d0]"></a>smp_public_key</STRONG> (Thumb, 152 bytes, Stack size 16 bytes, smp_1.o(.text.smp_public_key))
<BR><BR>[Stack]<UL><LI>Max Depth = 664 + Unknown Stack Size
<LI>Call Chain = smp_public_key &rArr; smp_public_key_slave &rArr; bt_rand &rArr; prng_reseed &rArr; tc_hmac_prng_reseed &rArr; update &rArr; OUTLINED_FUNCTION_1 &rArr; tc_hmac_set_key &rArr; tc_sha256_final &rArr; compress
</UL>
<BR>[Calls]<UL><LI><a href="#[25d]">&gt;&gt;</a>&nbsp;&nbsp;&nbsp;memcmp
<LI><a href="#[2f]">&gt;&gt;</a>&nbsp;&nbsp;&nbsp;memcpy
<LI><a href="#[5a]">&gt;&gt;</a>&nbsp;&nbsp;&nbsp;printk
<LI><a href="#[45a]">&gt;&gt;</a>&nbsp;&nbsp;&nbsp;OUTLINED_FUNCTION_24
<LI><a href="#[333]">&gt;&gt;</a>&nbsp;&nbsp;&nbsp;smp_public_key_slave
<LI><a href="#[1bb]">&gt;&gt;</a>&nbsp;&nbsp;&nbsp;OUTLINED_FUNCTION_30
<LI><a href="#[461]">&gt;&gt;</a>&nbsp;&nbsp;&nbsp;OUTLINED_FUNCTION_38
<LI><a href="#[336]">&gt;&gt;</a>&nbsp;&nbsp;&nbsp;OUTLINED_FUNCTION_2
</UL>
<BR>[Address Reference Count : 1]<UL><LI> smp_1.o(.rodata.handlers)
</UL>
<P><STRONG><a name="[d1]"></a>smp_dhkey_check</STRONG> (Thumb, 126 bytes, Stack size 16 bytes, smp_1.o(.text.smp_dhkey_check))
<BR><BR>[Stack]<UL><LI>Max Depth = 760 + Unknown Stack Size
<LI>Call Chain = smp_dhkey_check &rArr; compute_and_check_and_send_slave_dhcheck &rArr; smp_f6 &rArr; bt_smp_aes_cmac &rArr; tc_cmac_update &rArr; OUTLINED_FUNCTION_0 &rArr; tc_aes_encrypt &rArr; shift_rows &rArr; _copy &rArr; memcpy
</UL>
<BR>[Calls]<UL><LI><a href="#[1ab]">&gt;&gt;</a>&nbsp;&nbsp;&nbsp;OUTLINED_FUNCTION_28
<LI><a href="#[32d]">&gt;&gt;</a>&nbsp;&nbsp;&nbsp;OUTLINED_FUNCTION_4
<LI><a href="#[326]">&gt;&gt;</a>&nbsp;&nbsp;&nbsp;compute_and_check_and_send_slave_dhcheck
</UL>
<BR>[Address Reference Count : 1]<UL><LI> smp_1.o(.rodata.handlers)
</UL>
<P><STRONG><a name="[d2]"></a>smp_keypress_notif</STRONG> (Thumb, 32 bytes, Stack size 0 bytes, smp_1.o(.text.smp_keypress_notif))
<BR><BR>[Calls]<UL><LI><a href="#[336]">&gt;&gt;</a>&nbsp;&nbsp;&nbsp;OUTLINED_FUNCTION_2
</UL>
<BR>[Address Reference Count : 1]<UL><LI> smp_1.o(.rodata.handlers)
</UL>
<P><STRONG><a name="[329]"></a>smp_dhkey_generate</STRONG> (Thumb, 84 bytes, Stack size 8 bytes, smp_1.o(.text.smp_dhkey_generate))
<BR><BR>[Stack]<UL><LI>Max Depth = 504 + Unknown Stack Size
<LI>Call Chain = smp_dhkey_generate &rArr; bt_dh_key_gen &rArr; OUTLINED_FUNCTION_10 &rArr; bt_hci_cmd_send_sync &rArr; net_buf_unref &rArr; net_buf_destroy &rArr; k_queue_prepend &rArr; queue_insert &rArr; z_thread_aligned_alloc &rArr; k_heap_aligned_alloc &rArr; sys_heap_dump &rArr; heap_dump &rArr; printk &rArr; vprintk &rArr; cbvprintf &rArr; encode_uint &rArr; __aeabi_uldivmod
</UL>
<BR>[Calls]<UL><LI><a href="#[5a]">&gt;&gt;</a>&nbsp;&nbsp;&nbsp;printk
<LI><a href="#[2b4]">&gt;&gt;</a>&nbsp;&nbsp;&nbsp;bt_dh_key_gen
</UL>
<BR>[Called By]<UL><LI><a href="#[56]">&gt;&gt;</a>&nbsp;&nbsp;&nbsp;bt_smp_dhkey_ready
<LI><a href="#[333]">&gt;&gt;</a>&nbsp;&nbsp;&nbsp;smp_public_key_slave
</UL>

<P><STRONG><a name="[56]"></a>bt_smp_dhkey_ready</STRONG> (Thumb, 172 bytes, Stack size 8 bytes, smp_1.o(.text.bt_smp_dhkey_ready))
<BR><BR>[Stack]<UL><LI>Max Depth = 752 + Unknown Stack Size
<LI>Call Chain = bt_smp_dhkey_ready &rArr; compute_and_check_and_send_slave_dhcheck &rArr; smp_f6 &rArr; bt_smp_aes_cmac &rArr; tc_cmac_update &rArr; OUTLINED_FUNCTION_0 &rArr; tc_aes_encrypt &rArr; shift_rows &rArr; _copy &rArr; memcpy
</UL>
<BR>[Calls]<UL><LI><a href="#[327]">&gt;&gt;</a>&nbsp;&nbsp;&nbsp;OUTLINED_FUNCTION_26
<LI><a href="#[329]">&gt;&gt;</a>&nbsp;&nbsp;&nbsp;smp_dhkey_generate
<LI><a href="#[1ab]">&gt;&gt;</a>&nbsp;&nbsp;&nbsp;OUTLINED_FUNCTION_28
<LI><a href="#[326]">&gt;&gt;</a>&nbsp;&nbsp;&nbsp;compute_and_check_and_send_slave_dhcheck
<LI><a href="#[328]">&gt;&gt;</a>&nbsp;&nbsp;&nbsp;smp_error
<LI><a href="#[325]">&gt;&gt;</a>&nbsp;&nbsp;&nbsp;OUTLINED_FUNCTION_5
</UL>
<BR>[Address Reference Count : 1]<UL><LI> smp_1.o(.text.smp_dhkey_generate)
</UL>
<P><STRONG><a name="[327]"></a>OUTLINED_FUNCTION_26</STRONG> (Thumb, 16 bytes, Stack size 0 bytes, smp_1.o(.text.OUTLINED_FUNCTION_26))
<BR><BR>[Called By]<UL><LI><a href="#[56]">&gt;&gt;</a>&nbsp;&nbsp;&nbsp;bt_smp_dhkey_ready
</UL>

<P><STRONG><a name="[3fb]"></a>OUTLINED_FUNCTION_0</STRONG> (Thumb, 10 bytes, Stack size 0 bytes, buf_1.o(.text.OUTLINED_FUNCTION_0))
<BR><BR>[Called By]<UL><LI><a href="#[281]">&gt;&gt;</a>&nbsp;&nbsp;&nbsp;net_buf_alloc_len
<LI><a href="#[23e]">&gt;&gt;</a>&nbsp;&nbsp;&nbsp;net_buf_pool_get
</UL>

<P><STRONG><a name="[e5]"></a>fixed_data_alloc</STRONG> (Thumb, 52 bytes, Stack size 16 bytes, buf_1.o(.text.fixed_data_alloc))
<BR><BR>[Stack]<UL><LI>Max Depth = 16<LI>Call Chain = fixed_data_alloc
</UL>
<BR>[Address Reference Count : 1]<UL><LI> buf_1.o(.rodata.net_buf_fixed_cb)
</UL>
<P><STRONG><a name="[e6]"></a>fixed_data_unref</STRONG> (Thumb, 2 bytes, Stack size 0 bytes, buf_1.o(.text.fixed_data_unref))
<BR>[Address Reference Count : 1]<UL><LI> buf_1.o(.rodata.net_buf_fixed_cb)
</UL>
<P><STRONG><a name="[3d1]"></a>k_queue_get</STRONG> (Thumb, 4 bytes, Stack size 0 bytes, buf_1.o(.text.k_queue_get))
<BR><BR>[Stack]<UL><LI>Max Depth = 176<LI>Call Chain = k_queue_get &rArr; z_impl_k_queue_get &rArr; z_queue_node_peek &rArr; k_free &rArr; k_heap_free &rArr; z_unpend_all &rArr; z_ready_thread &rArr; ready_thread &rArr; update_cache &rArr; z_reset_time_slice &rArr; z_set_timeout_expiry &rArr; next_timeout &rArr; elapsed &rArr; z_clock_elapsed
</UL>
<BR>[Calls]<UL><LI><a href="#[2a9]">&gt;&gt;</a>&nbsp;&nbsp;&nbsp;z_impl_k_queue_get
</UL>
<BR>[Called By]<UL><LI><a href="#[270]">&gt;&gt;</a>&nbsp;&nbsp;&nbsp;net_buf_get
<LI><a href="#[281]">&gt;&gt;</a>&nbsp;&nbsp;&nbsp;net_buf_alloc_len
</UL>

<P><STRONG><a name="[3fc]"></a>net_buf_destroy</STRONG> (Thumb, 20 bytes, Stack size 0 bytes, buf_1.o(.text.net_buf_destroy))
<BR><BR>[Stack]<UL><LI>Max Depth = 400<LI>Call Chain = net_buf_destroy &rArr; k_queue_prepend &rArr; queue_insert &rArr; z_thread_aligned_alloc &rArr; k_heap_aligned_alloc &rArr; sys_heap_dump &rArr; heap_dump &rArr; printk &rArr; vprintk &rArr; cbvprintf &rArr; encode_uint &rArr; __aeabi_uldivmod
</UL>
<BR>[Calls]<UL><LI><a href="#[3d2]">&gt;&gt;</a>&nbsp;&nbsp;&nbsp;k_queue_prepend
</UL>
<BR>[Called By]<UL><LI><a href="#[176]">&gt;&gt;</a>&nbsp;&nbsp;&nbsp;net_buf_unref
<LI><a href="#[281]">&gt;&gt;</a>&nbsp;&nbsp;&nbsp;net_buf_alloc_len
</UL>
<P>
<H3>
Undefined Global Symbols
</H3><HR></body></html>
